Feb  1 12:04:16 cu-cs-vm anacron[798]: Job `cron.daily' terminated
Feb  1 12:04:16 cu-cs-vm anacron[798]: Normal exit (1 job run)
Feb  1 12:09:09 cu-cs-vm uptimed: moving up to position 12: 0 days, 00:10:10
Feb  1 12:11:36 cu-cs-vm dhclient[1715]: DHCPREQUEST of 192.168.127.129 on ens33 to 192.168.127.254 port 67 (xid=0x75db807d)
Feb  1 12:11:36 cu-cs-vm dhclient[1715]: DHCPACK of 192.168.127.129 from 192.168.127.254
Feb  1 12:11:36 cu-cs-vm NetworkManager[809]: <info>  [1549048296.0312]   address 192.168.127.129
Feb  1 12:11:36 cu-cs-vm NetworkManager[809]: <info>  [1549048296.0319]   plen 24 (255.255.255.0)
Feb  1 12:11:36 cu-cs-vm NetworkManager[809]: <info>  [1549048296.0320]   gateway 192.168.127.2
Feb  1 12:11:36 cu-cs-vm NetworkManager[809]: <info>  [1549048296.0320]   server identifier 192.168.127.254
Feb  1 12:11:36 cu-cs-vm NetworkManager[809]: <info>  [1549048296.0320]   lease time 1800
Feb  1 12:11:36 cu-cs-vm NetworkManager[809]: <info>  [1549048296.0320]   nameserver '192.168.127.2'
Feb  1 12:11:36 cu-cs-vm NetworkManager[809]: <info>  [1549048296.0321]   domain name 'localdomain'
Feb  1 12:11:36 cu-cs-vm NetworkManager[809]: <info>  [1549048296.0321]   wins '192.168.127.2'
Feb  1 12:11:36 cu-cs-vm NetworkManager[809]: <info>  [1549048296.0321] dhcp4 (ens33): state changed bound -> bound
Feb  1 12:11:36 cu-cs-vm dbus[801]: [system] Activating via systemd: service name='org.freedesktop.nm_dispatcher' unit='dbus-org.freedesktop.nm-dispatcher.service'
Feb  1 12:11:36 cu-cs-vm systemd[1]: Starting Network Manager Script Dispatcher Service...
Feb  1 12:11:36 cu-cs-vm dhclient[1715]: bound to 192.168.127.129 -- renewal in 780 seconds.
Feb  1 12:11:36 cu-cs-vm dbus[801]: [system] Successfully activated service 'org.freedesktop.nm_dispatcher'
Feb  1 12:11:36 cu-cs-vm systemd[1]: Started Network Manager Script Dispatcher Service.
Feb  1 12:11:36 cu-cs-vm nm-dispatcher: req:1 'dhcp4-change' [ens33]: new request (1 scripts)
Feb  1 12:11:36 cu-cs-vm nm-dispatcher: req:1 'dhcp4-change' [ens33]: start running ordered scripts...
Feb  1 12:14:09 cu-cs-vm systemd[1]: Starting Cleanup of Temporary Directories...
Feb  1 12:14:09 cu-cs-vm systemd-tmpfiles[2371]: [/usr/lib/tmpfiles.d/var.conf:14] Duplicate line for path "/var/log", ignoring.
Feb  1 12:14:09 cu-cs-vm systemd[1]: Started Cleanup of Temporary Directories.
Feb  1 12:17:01 cu-cs-vm CRON[2382]: (root) CMD (   cd / && run-parts --report /etc/cron.hourly)
Feb  1 12:19:09 cu-cs-vm uptimed: moving up to position 10: 0 days, 00:20:10
Feb  1 12:19:54 cu-cs-vm dbus[801]: [system] Activating via systemd: service name='org.bluez' unit='dbus-org.bluez.service'
Feb  1 12:19:55 cu-cs-vm org.gnome.keyring.SystemPrompter[1202]: Gtk-Message: GtkDialog mapped without a transient parent. This is discouraged.
Feb  1 12:19:59 cu-cs-vm org.gnome.keyring.SystemPrompter[1202]: Gtk-Message: GtkDialog mapped without a transient parent. This is discouraged.
Feb  1 12:19:59 cu-cs-vm org.gnome.keyring.SystemPrompter[1202]: Gtk-Message: GtkDialog mapped without a transient parent. This is discouraged.
Feb  1 12:19:59 cu-cs-vm org.gnome.keyring.SystemPrompter[1202]: Gtk-Message: GtkDialog mapped without a transient parent. This is discouraged.
Feb  1 12:19:59 cu-cs-vm org.gnome.keyring.SystemPrompter[1202]: Gtk-Message: GtkDialog mapped without a transient parent. This is discouraged.
Feb  1 12:24:36 cu-cs-vm dhclient[1715]: DHCPREQUEST of 192.168.127.129 on ens33 to 192.168.127.254 port 67 (xid=0x75db807d)
Feb  1 12:24:36 cu-cs-vm dhclient[1715]: DHCPACK of 192.168.127.129 from 192.168.127.254
Feb  1 12:24:36 cu-cs-vm NetworkManager[809]: <info>  [1549049076.2774]   address 192.168.127.129
Feb  1 12:24:36 cu-cs-vm NetworkManager[809]: <info>  [1549049076.2775]   plen 24 (255.255.255.0)
Feb  1 12:24:36 cu-cs-vm NetworkManager[809]: <info>  [1549049076.2775]   gateway 192.168.127.2
Feb  1 12:24:36 cu-cs-vm NetworkManager[809]: <info>  [1549049076.2775]   server identifier 192.168.127.254
Feb  1 12:24:36 cu-cs-vm NetworkManager[809]: <info>  [1549049076.2775]   lease time 1800
Feb  1 12:24:36 cu-cs-vm NetworkManager[809]: <info>  [1549049076.2776]   nameserver '192.168.127.2'
Feb  1 12:24:36 cu-cs-vm NetworkManager[809]: <info>  [1549049076.2776]   domain name 'localdomain'
Feb  1 12:24:36 cu-cs-vm NetworkManager[809]: <info>  [1549049076.2776]   wins '192.168.127.2'
Feb  1 12:24:36 cu-cs-vm NetworkManager[809]: <info>  [1549049076.2776] dhcp4 (ens33): state changed bound -> bound
Feb  1 12:24:36 cu-cs-vm dbus[801]: [system] Activating via systemd: service name='org.freedesktop.nm_dispatcher' unit='dbus-org.freedesktop.nm-dispatcher.service'
Feb  1 12:24:36 cu-cs-vm systemd[1]: Starting Network Manager Script Dispatcher Service...
Feb  1 12:24:36 cu-cs-vm dhclient[1715]: bound to 192.168.127.129 -- renewal in 838 seconds.
Feb  1 12:24:36 cu-cs-vm dbus[801]: [system] Successfully activated service 'org.freedesktop.nm_dispatcher'
Feb  1 12:24:36 cu-cs-vm systemd[1]: Started Network Manager Script Dispatcher Service.
Feb  1 12:24:36 cu-cs-vm nm-dispatcher: req:1 'dhcp4-change' [ens33]: new request (1 scripts)
Feb  1 12:24:36 cu-cs-vm nm-dispatcher: req:1 'dhcp4-change' [ens33]: start running ordered scripts...
Feb  1 12:28:27 cu-cs-vm NetworkManager[809]: <info>  [1549049307.6345] manager: disable requested (sleeping: no  enabled: yes)
Feb  1 12:28:27 cu-cs-vm NetworkManager[809]: <info>  [1549049307.6346] manager: disabling...
Feb  1 12:28:27 cu-cs-vm NetworkManager[809]: <info>  [1549049307.6346] manager: NetworkManager state is now ASLEEP
Feb  1 12:28:27 cu-cs-vm NetworkManager[809]: <info>  [1549049307.6348] audit: op="networking-control" arg="off" pid=3003 uid=0 result="success"
Feb  1 12:28:27 cu-cs-vm NetworkManager[809]: <info>  [1549049307.6351] device (ens33): state change: activated -> deactivating (reason 'sleeping') [100 110 37]
Feb  1 12:28:27 cu-cs-vm whoopsie[1545]: [12:28:27] offline
Feb  1 12:28:27 cu-cs-vm NetworkManager[809]: <info>  [1549049307.6394] device (ens33): state change: deactivating -> disconnected (reason 'sleeping') [110 30 37]
Feb  1 12:28:27 cu-cs-vm avahi-daemon[781]: Withdrawing address record for fe80::b96d:289d:d15c:e05b on ens33.
Feb  1 12:28:27 cu-cs-vm avahi-daemon[781]: Leaving mDNS multicast group on interface ens33.IPv6 with address fe80::b96d:289d:d15c:e05b.
Feb  1 12:28:27 cu-cs-vm avahi-daemon[781]: Interface ens33.IPv6 no longer relevant for mDNS.
Feb  1 12:28:27 cu-cs-vm NetworkManager[809]: <info>  [1549049307.7260] dhcp4 (ens33): canceled DHCP transaction, DHCP client pid 1715
Feb  1 12:28:27 cu-cs-vm avahi-daemon[781]: Withdrawing address record for 192.168.127.129 on ens33.
Feb  1 12:28:27 cu-cs-vm NetworkManager[809]: <info>  [1549049307.7261] dhcp4 (ens33): state changed bound -> done
Feb  1 12:28:27 cu-cs-vm avahi-daemon[781]: Leaving mDNS multicast group on interface ens33.IPv4 with address 192.168.127.129.
Feb  1 12:28:27 cu-cs-vm avahi-daemon[781]: Interface ens33.IPv4 no longer relevant for mDNS.
Feb  1 12:28:27 cu-cs-vm NetworkManager[809]: <info>  [1549049307.7323] dns-mgr: Writing DNS information to /sbin/resolvconf
Feb  1 12:57:04 cu-cs-vm dnsmasq[956]: setting upstream servers from DBus
Feb  1 12:57:04 cu-cs-vm systemd[1079]: Time has been changed
Feb  1 12:57:04 cu-cs-vm systemd[1]: Time has been changed
Feb  1 12:57:04 cu-cs-vm dbus[801]: [system] Activating via systemd: service name='org.freedesktop.nm_dispatcher' unit='dbus-org.freedesktop.nm-dispatcher.service'
Feb  1 12:57:04 cu-cs-vm systemd[1]: Starting Network Manager Script Dispatcher Service...
Feb  1 12:57:04 cu-cs-vm NetworkManager[809]: <info>  [1549051024.5408] device (ens33): state change: disconnected -> unmanaged (reason 'sleeping') [30 10 37]
Feb  1 12:57:04 cu-cs-vm dbus[801]: [system] Successfully activated service 'org.freedesktop.nm_dispatcher'
Feb  1 12:57:04 cu-cs-vm systemd[1]: Started Network Manager Script Dispatcher Service.
Feb  1 12:57:04 cu-cs-vm nm-dispatcher: req:1 'down' [ens33]: new request (1 scripts)
Feb  1 12:57:04 cu-cs-vm nm-dispatcher: req:1 'down' [ens33]: start running ordered scripts...
Feb  1 12:57:04 cu-cs-vm NetworkManager[809]: <info>  [1549051024.6259] device (ens33): link disconnected
Feb  1 12:57:04 cu-cs-vm kernel: [ 1768.073789] IPv6: ADDRCONF(NETDEV_UP): ens33: link is not ready
Feb  1 12:57:04 cu-cs-vm NetworkManager[809]: <info>  [1549051024.6341] manager: enable requested (sleeping: no  enabled: no)
Feb  1 12:57:04 cu-cs-vm NetworkManager[809]: <info>  [1549051024.6341] manager: re-enabling...
Feb  1 12:57:04 cu-cs-vm NetworkManager[809]: <info>  [1549051024.6341] device (ens33): state change: unmanaged -> unavailable (reason 'managed') [10 20 2]
Feb  1 12:57:04 cu-cs-vm kernel: [ 1768.080911] IPv6: ADDRCONF(NETDEV_UP): ens33: link is not ready
Feb  1 12:57:04 cu-cs-vm NetworkManager[809]: <info>  [1549051024.6437] manager: NetworkManager state is now DISCONNECTED
Feb  1 12:57:04 cu-cs-vm NetworkManager[809]: <info>  [1549051024.6460] audit: op="networking-control" arg="on" pid=3059 uid=0 result="success"
Feb  1 12:57:04 cu-cs-vm kernel: [ 1768.088044] e1000: ens33 NIC Link is Up 1000 Mbps Full Duplex, Flow Control: None
Feb  1 12:57:04 cu-cs-vm kernel: [ 1768.088932] IPv6: ADDRCONF(NETDEV_CHANGE): ens33: link becomes ready
Feb  1 12:57:04 cu-cs-vm NetworkManager[809]: <info>  [1549051024.6536] device (ens33): link connected
Feb  1 12:57:04 cu-cs-vm NetworkManager[809]: <info>  [1549051024.6539] device (ens33): state change: unavailable -> disconnected (reason 'carrier-changed') [20 30 40]
Feb  1 12:57:04 cu-cs-vm NetworkManager[809]: <info>  [1549051024.6619] policy: auto-activating connection 'Wired connection 1'
Feb  1 12:57:04 cu-cs-vm NetworkManager[809]: <info>  [1549051024.6626] device (ens33): Activation: starting connection 'Wired connection 1' (fb9130f9-813d-35fb-9bb9-14f5c9c29154)
Feb  1 12:57:04 cu-cs-vm NetworkManager[809]: <info>  [1549051024.6628] device (ens33): state change: disconnected -> prepare (reason 'none') [30 40 0]
Feb  1 12:57:04 cu-cs-vm NetworkManager[809]: <info>  [1549051024.6630] manager: NetworkManager state is now CONNECTING
Feb  1 12:57:04 cu-cs-vm NetworkManager[809]: <info>  [1549051024.6632] device (ens33): state change: prepare -> config (reason 'none') [40 50 0]
Feb  1 12:57:04 cu-cs-vm NetworkManager[809]: <info>  [1549051024.6651] device (ens33): state change: config -> ip-config (reason 'none') [50 70 0]
Feb  1 12:57:04 cu-cs-vm NetworkManager[809]: <info>  [1549051024.6654] dhcp4 (ens33): activation: beginning transaction (timeout in 45 seconds)
Feb  1 12:57:04 cu-cs-vm NetworkManager[809]: <info>  [1549051024.6669] dhcp4 (ens33): dhclient started with pid 3090
Feb  1 12:57:04 cu-cs-vm dhclient[3090]: DHCPDISCOVER on ens33 to 255.255.255.255 port 67 interval 3 (xid=0xb33c8c05)
Feb  1 12:57:05 cu-cs-vm dhclient[3090]: DHCPREQUEST of 192.168.127.129 on ens33 to 255.255.255.255 port 67 (xid=0x58c3cb3)
Feb  1 12:57:05 cu-cs-vm dhclient[3090]: DHCPOFFER of 192.168.127.129 from 192.168.127.254
Feb  1 12:57:05 cu-cs-vm dhclient[3090]: DHCPACK of 192.168.127.129 from 192.168.127.254
Feb  1 12:57:05 cu-cs-vm NetworkManager[809]: <info>  [1549051025.7091]   address 192.168.127.129
Feb  1 12:57:05 cu-cs-vm avahi-daemon[781]: Joining mDNS multicast group on interface ens33.IPv4 with address 192.168.127.129.
Feb  1 12:57:05 cu-cs-vm NetworkManager[809]: <info>  [1549051025.7091]   plen 24 (255.255.255.0)
Feb  1 12:57:05 cu-cs-vm NetworkManager[809]: <info>  [1549051025.7092]   gateway 192.168.127.2
Feb  1 12:57:05 cu-cs-vm NetworkManager[809]: <info>  [1549051025.7092]   server identifier 192.168.127.254
Feb  1 12:57:05 cu-cs-vm NetworkManager[809]: <info>  [1549051025.7092]   lease time 1800
Feb  1 12:57:05 cu-cs-vm NetworkManager[809]: <info>  [1549051025.7092]   nameserver '192.168.127.2'
Feb  1 12:57:05 cu-cs-vm NetworkManager[809]: <info>  [1549051025.7092]   domain name 'localdomain'
Feb  1 12:57:05 cu-cs-vm NetworkManager[809]: <info>  [1549051025.7092]   wins '192.168.127.2'
Feb  1 12:57:05 cu-cs-vm NetworkManager[809]: <info>  [1549051025.7092] dhcp4 (ens33): state changed unknown -> bound
Feb  1 12:57:05 cu-cs-vm NetworkManager[809]: <info>  [1549051025.7110] device (ens33): state change: ip-config -> ip-check (reason 'none') [70 80 0]
Feb  1 12:57:05 cu-cs-vm NetworkManager[809]: <info>  [1549051025.7114] device (ens33): state change: ip-check -> secondaries (reason 'none') [80 90 0]
Feb  1 12:57:05 cu-cs-vm NetworkManager[809]: <info>  [1549051025.7116] device (ens33): state change: secondaries -> activated (reason 'none') [90 100 0]
Feb  1 12:57:05 cu-cs-vm NetworkManager[809]: <info>  [1549051025.7117] manager: NetworkManager state is now CONNECTED_LOCAL
Feb  1 12:57:05 cu-cs-vm avahi-daemon[781]: New relevant interface ens33.IPv4 for mDNS.
Feb  1 12:57:05 cu-cs-vm avahi-daemon[781]: Registering new address record for 192.168.127.129 on ens33.IPv4.
Feb  1 12:57:05 cu-cs-vm NetworkManager[809]: <info>  [1549051025.7151] manager: NetworkManager state is now CONNECTED_GLOBAL
Feb  1 12:57:05 cu-cs-vm NetworkManager[809]: <info>  [1549051025.7151] policy: set 'Wired connection 1' (ens33) as default for IPv4 routing and DNS
Feb  1 12:57:05 cu-cs-vm NetworkManager[809]: <info>  [1549051025.7152] dns-mgr: Writing DNS information to /sbin/resolvconf
Feb  1 12:57:05 cu-cs-vm dnsmasq[956]: setting upstream servers from DBus
Feb  1 12:57:05 cu-cs-vm dnsmasq[956]: using nameserver 192.168.127.2#53(via ens33)
Feb  1 12:57:05 cu-cs-vm dhclient[3090]: bound to 192.168.127.129 -- renewal in 692 seconds.
Feb  1 12:57:05 cu-cs-vm NetworkManager[809]: <info>  [1549051025.7725] device (ens33): Activation: successful, device activated.
Feb  1 12:57:05 cu-cs-vm nm-dispatcher: req:2 'up' [ens33]: new request (1 scripts)
Feb  1 12:57:05 cu-cs-vm nm-dispatcher: req:2 'up' [ens33]: start running ordered scripts...
Feb  1 12:57:05 cu-cs-vm systemd[1]: Reloading OpenBSD Secure Shell server.
Feb  1 12:57:05 cu-cs-vm systemd[1]: Reloaded OpenBSD Secure Shell server.
Feb  1 12:57:05 cu-cs-vm systemd[1]: Reloading OpenBSD Secure Shell server.
Feb  1 12:57:05 cu-cs-vm systemd[1]: Reloaded OpenBSD Secure Shell server.
Feb  1 12:57:06 cu-cs-vm avahi-daemon[781]: Joining mDNS multicast group on interface ens33.IPv6 with address fe80::b96d:289d:d15c:e05b.
Feb  1 12:57:06 cu-cs-vm avahi-daemon[781]: New relevant interface ens33.IPv6 for mDNS.
Feb  1 12:57:06 cu-cs-vm avahi-daemon[781]: Registering new address record for fe80::b96d:289d:d15c:e05b on ens33.*.
Feb  1 12:57:09 cu-cs-vm whoopsie[1545]: [12:57:09] The default IPv4 route is: /org/freedesktop/NetworkManager/ActiveConnection/2
Feb  1 12:57:09 cu-cs-vm whoopsie[1545]: [12:57:09] Not a paid data plan: /org/freedesktop/NetworkManager/ActiveConnection/2
Feb  1 12:57:09 cu-cs-vm whoopsie[1545]: [12:57:09] Found usable connection: /org/freedesktop/NetworkManager/ActiveConnection/2
Feb  1 12:57:09 cu-cs-vm whoopsie[1545]: [12:57:09] online
Feb  1 12:57:46 cu-cs-vm uptimed: moving up to position 8: 0 days, 00:30:10
Feb  1 12:57:51 cu-cs-vm kernel: [ 1815.152997] Local Variables initialized
Feb  1 12:57:51 cu-cs-vm kernel: [ 1815.153017] Got parameter 1752046104 and 1752046120
Feb  1 12:57:51 cu-cs-vm kernel: [ 1815.153018] Sum of 1752046104 and 1752046120 is -790875072
Feb  1 12:57:51 cu-cs-vm kernel: [ 1815.153024] Put result pointer =           (null)
Feb  1 12:59:14 cu-cs-vm kernel: [ 1898.088802] Local Variables initialized
Feb  1 12:59:14 cu-cs-vm kernel: [ 1898.088805] Got parameter -410448344 and -410448328
Feb  1 12:59:14 cu-cs-vm kernel: [ 1898.088806] Sum of -410448344 and -410448328 is -820896672
Feb  1 12:59:14 cu-cs-vm kernel: [ 1898.088809] Put result pointer =           (null)
Feb  1 13:07:46 cu-cs-vm uptimed: moving up to position 6: 0 days, 00:40:10
Feb  1 13:08:37 cu-cs-vm dhclient[3090]: DHCPREQUEST of 192.168.127.129 on ens33 to 192.168.127.254 port 67 (xid=0x58c3cb3)
Feb  1 13:08:37 cu-cs-vm dhclient[3090]: DHCPACK of 192.168.127.129 from 192.168.127.254
Feb  1 13:08:37 cu-cs-vm NetworkManager[809]: <info>  [1549051717.9849]   address 192.168.127.129
Feb  1 13:08:37 cu-cs-vm NetworkManager[809]: <info>  [1549051717.9849]   plen 24 (255.255.255.0)
Feb  1 13:08:37 cu-cs-vm NetworkManager[809]: <info>  [1549051717.9849]   gateway 192.168.127.2
Feb  1 13:08:37 cu-cs-vm NetworkManager[809]: <info>  [1549051717.9849]   server identifier 192.168.127.254
Feb  1 13:08:37 cu-cs-vm NetworkManager[809]: <info>  [1549051717.9850]   lease time 1800
Feb  1 13:08:37 cu-cs-vm NetworkManager[809]: <info>  [1549051717.9850]   nameserver '192.168.127.2'
Feb  1 13:08:37 cu-cs-vm NetworkManager[809]: <info>  [1549051717.9850]   domain name 'localdomain'
Feb  1 13:08:37 cu-cs-vm NetworkManager[809]: <info>  [1549051717.9850]   wins '192.168.127.2'
Feb  1 13:08:37 cu-cs-vm NetworkManager[809]: <info>  [1549051717.9850] dhcp4 (ens33): state changed bound -> bound
Feb  1 13:08:37 cu-cs-vm dbus[801]: [system] Activating via systemd: service name='org.freedesktop.nm_dispatcher' unit='dbus-org.freedesktop.nm-dispatcher.service'
Feb  1 13:08:37 cu-cs-vm systemd[1]: Starting Network Manager Script Dispatcher Service...
Feb  1 13:08:37 cu-cs-vm dhclient[3090]: bound to 192.168.127.129 -- renewal in 865 seconds.
Feb  1 13:08:37 cu-cs-vm dbus[801]: [system] Successfully activated service 'org.freedesktop.nm_dispatcher'
Feb  1 13:08:37 cu-cs-vm systemd[1]: Started Network Manager Script Dispatcher Service.
Feb  1 13:08:37 cu-cs-vm nm-dispatcher: req:1 'dhcp4-change' [ens33]: new request (1 scripts)
Feb  1 13:08:38 cu-cs-vm nm-dispatcher: req:1 'dhcp4-change' [ens33]: start running ordered scripts...
Feb  1 13:14:10 cu-cs-vm systemd[1079]: Time has been changed
Feb  1 13:14:10 cu-cs-vm systemd-timesyncd[454]: Synchronized to time server 91.189.94.4:123 (ntp.ubuntu.com).
Feb  1 13:14:10 cu-cs-vm systemd[1]: Time has been changed
Feb  1 13:17:01 cu-cs-vm CRON[52375]: (root) CMD (   cd / && run-parts --report /etc/cron.hourly)
Feb  1 13:18:36 cu-cs-vm kernel: [ 3058.575855] SGI XFS with ACLs, security attributes, realtime, no debug enabled
Feb  1 13:18:36 cu-cs-vm kernel: [ 3058.606279] JFS: nTxBlock = 8192, nTxLock = 65536
Feb  1 13:18:36 cu-cs-vm kernel: [ 3058.632548] ntfs: driver 2.1.32 [Flags: R/O MODULE].
Feb  1 13:18:36 cu-cs-vm kernel: [ 3058.699006] QNX4 filesystem 0.2.3 registered.
Feb  1 13:18:36 cu-cs-vm kernel: [ 3058.774553] raid6: sse2x1   gen()  8815 MB/s
Feb  1 13:18:36 cu-cs-vm kernel: [ 3058.822790] raid6: sse2x1   xor()  6272 MB/s
Feb  1 13:18:36 cu-cs-vm kernel: [ 3058.870298] raid6: sse2x2   gen() 12078 MB/s
Feb  1 13:18:37 cu-cs-vm kernel: [ 3058.918185] raid6: sse2x2   xor()  8046 MB/s
Feb  1 13:18:37 cu-cs-vm kernel: [ 3058.966062] raid6: sse2x4   gen() 12463 MB/s
Feb  1 13:18:37 cu-cs-vm kernel: [ 3059.013948] raid6: sse2x4   xor()  9417 MB/s
Feb  1 13:18:37 cu-cs-vm kernel: [ 3059.062798] raid6: avx2x1   gen() 24270 MB/s
Feb  1 13:18:37 cu-cs-vm kernel: [ 3059.110650] raid6: avx2x1   xor() 17219 MB/s
Feb  1 13:18:37 cu-cs-vm kernel: [ 3059.157884] raid6: avx2x2   gen() 25175 MB/s
Feb  1 13:18:37 cu-cs-vm kernel: [ 3059.206396] raid6: avx2x2   xor() 18514 MB/s
Feb  1 13:18:37 cu-cs-vm kernel: [ 3059.254290] raid6: avx2x4   gen() 29809 MB/s
Feb  1 13:18:37 cu-cs-vm kernel: [ 3059.302159] raid6: avx2x4   xor() 21085 MB/s
Feb  1 13:18:37 cu-cs-vm kernel: [ 3059.302160] raid6: using algorithm avx2x4 gen() 29809 MB/s
Feb  1 13:18:37 cu-cs-vm kernel: [ 3059.302161] raid6: .... xor() 21085 MB/s, rmw enabled
Feb  1 13:18:37 cu-cs-vm kernel: [ 3059.302161] raid6: using avx2x2 recovery algorithm
Feb  1 13:18:37 cu-cs-vm kernel: [ 3059.304395] xor: automatically using best checksumming function   avx       
Feb  1 13:18:37 cu-cs-vm kernel: [ 3059.425329] Btrfs loaded, crc32c=crc32c-intel
Feb  1 13:18:37 cu-cs-vm os-prober: debug: /dev/sda2: DOS extended partition; skipping
Feb  1 13:18:37 cu-cs-vm os-prober: debug: /dev/sda5: is active swap
Feb  1 13:19:13 cu-cs-vm systemd[1]: Stopping Daemon for power management...
Feb  1 13:19:13 cu-cs-vm systemd[1]: Closed Load/Save RF Kill Switch Status /dev/rfkill Watch.
Feb  1 13:19:13 cu-cs-vm systemd[1]: Stopping User Manager for UID 1000...
Feb  1 13:19:13 cu-cs-vm systemd[1]: Stopped target Graphical Interface.
Feb  1 13:19:13 cu-cs-vm systemd[1079]: Reached target Shutdown.
Feb  1 13:19:13 cu-cs-vm dbus[801]: [system] Activating via systemd: service name='org.freedesktop.UPower' unit='upower.service'
Feb  1 13:19:13 cu-cs-vm systemd[1]: Stopping Authentication service for virtual machines hosted on VMware...
Feb  1 13:19:13 cu-cs-vm systemd[1]: Stopping Service for virtual machines hosted on VMware...
Feb  1 13:19:13 cu-cs-vm VGAuthService[776]: ** Message: Processing SIGTERM; service exiting
Feb  1 13:19:13 cu-cs-vm VGAuthService[776]: ** Message: ServiceEndMainLoop: about to stop main loop
Feb  1 13:19:13 cu-cs-vm systemd[1]: Stopping Light Display Manager...
Feb  1 13:19:13 cu-cs-vm systemd[1079]: Starting Exit the Session...
Feb  1 13:19:13 cu-cs-vm systemd[1]: Stopping Session c1 of user user.
Feb  1 13:19:13 cu-cs-vm systemd[1]: Stopped target Multi-User System.
Feb  1 13:19:13 cu-cs-vm systemd[1079]: Stopped target Default.
Feb  1 13:19:13 cu-cs-vm systemd[1079]: Stopped target Basic System.
Feb  1 13:19:13 cu-cs-vm systemd[1079]: Stopped target Paths.
Feb  1 13:19:13 cu-cs-vm systemd[1079]: Stopped target Timers.
Feb  1 13:19:13 cu-cs-vm systemd[1079]: Stopped target Sockets.
Feb  1 13:19:13 cu-cs-vm systemd[1]: Stopping LSB: Set the CPU Frequency Scaling governor to "ondemand"...
Feb  1 13:19:13 cu-cs-vm systemd[1]: Stopping crash report submission daemon...
Feb  1 13:19:13 cu-cs-vm systemd[1079]: Received SIGRTMIN+24 from PID 61069 (kill).
Feb  1 13:19:13 cu-cs-vm systemd[1]: Stopping uptime record daemon...
Feb  1 13:19:13 cu-cs-vm systemd[1]: Stopped Wait until snapd is fully seeded.
Feb  1 13:19:13 cu-cs-vm rsyslogd: [origin software="rsyslogd" swVersion="8.16.0" x-pid="785" x-info="http://www.rsyslog.com"] exiting on signal 15.
Feb  1 13:19:50 cu-cs-vm rsyslogd: [origin software="rsyslogd" swVersion="8.16.0" x-pid="819" x-info="http://www.rsyslog.com"] start
Feb  1 13:19:50 cu-cs-vm rsyslogd-2222: command 'KLogPermitNonKernelFacility' is currently not permitted - did you already set it via a RainerScript command (v6+ config)? [v8.16.0 try http://www.rsyslog.com/e/2222 ]
Feb  1 13:19:50 cu-cs-vm rsyslogd: rsyslogd's groupid changed to 108
Feb  1 13:19:50 cu-cs-vm rsyslogd: rsyslogd's userid changed to 104
Feb  1 13:19:50 cu-cs-vm systemd-modules-load[319]: Inserted module 'lp'
Feb  1 13:19:50 cu-cs-vm systemd-modules-load[319]: Inserted module 'ppdev'
Feb  1 13:19:50 cu-cs-vm systemd-modules-load[319]: Inserted module 'parport_pc'
Feb  1 13:19:50 cu-cs-vm systemd-modules-load[319]: Module 'fuse' is builtin
Feb  1 13:19:50 cu-cs-vm systemd[1]: Started Load Kernel Modules.
Feb  1 13:19:50 cu-cs-vm systemd[1]: Starting Apply Kernel Variables...
Feb  1 13:19:50 cu-cs-vm systemd[1]: Mounting Configuration File System...
Feb  1 13:19:50 cu-cs-vm systemd[1]: Mounting FUSE Control File System...
Feb  1 13:19:50 cu-cs-vm systemd[1]: Mounted Configuration File System.
Feb  1 13:19:50 cu-cs-vm systemd[1]: Started Nameserver information manager.
Feb  1 13:19:50 cu-cs-vm loadkeys[326]: Loading /etc/console-setup/cached.kmap.gz
Feb  1 13:19:50 cu-cs-vm systemd[1]: Reached target Network (Pre).
Feb  1 13:19:50 cu-cs-vm systemd[1]: Mounted FUSE Control File System.
Feb  1 13:19:50 cu-cs-vm systemd[1]: Mounting VMware vmblock fuse mount...
Feb  1 13:19:50 cu-cs-vm systemd[1]: Started Set console keymap.
Feb  1 13:19:50 cu-cs-vm systemd[1]: Mounted VMware vmblock fuse mount.
Feb  1 13:19:50 cu-cs-vm systemd[1]: Started Apply Kernel Variables.
Feb  1 13:19:50 cu-cs-vm systemd[1]: Started udev Kernel Device Manager.
Feb  1 13:19:50 cu-cs-vm systemd[1]: Starting Remount Root and Kernel File Systems...
Feb  1 13:19:50 cu-cs-vm systemd[1]: Started Remount Root and Kernel File Systems.
Feb  1 13:19:50 cu-cs-vm systemd[1]: Starting Flush Journal to Persistent Storage...
Feb  1 13:19:50 cu-cs-vm systemd[1]: Reached target Local File Systems (Pre).
Feb  1 13:19:50 cu-cs-vm systemd[1]: Starting Load/Save Random Seed...
Feb  1 13:19:50 cu-cs-vm systemd[1]: Starting udev Coldplug all Devices...
Feb  1 13:19:50 cu-cs-vm systemd[1]: Reached target Local File Systems.
Feb  1 13:19:50 cu-cs-vm systemd[1]: Starting LSB: AppArmor initialization...
Feb  1 13:19:50 cu-cs-vm systemd[1]: Starting Tell Plymouth To Write Out Runtime Data...
Feb  1 13:19:50 cu-cs-vm systemd[1]: Started Service for virtual machines hosted on VMware.
Feb  1 13:19:50 cu-cs-vm systemd[1]: Starting Enable support for additional executable binary formats...
Feb  1 13:19:50 cu-cs-vm systemd[1]: Starting Set console font and keymap...
Feb  1 13:19:50 cu-cs-vm systemd[1]: Started Load/Save Random Seed.
Feb  1 13:19:50 cu-cs-vm systemd[1]: Started Tell Plymouth To Write Out Runtime Data.
Feb  1 13:19:50 cu-cs-vm systemd[1]: proc-sys-fs-binfmt_misc.automount: Got automount request for /proc/sys/fs/binfmt_misc, triggered by 390 (update-binfmts)
Feb  1 13:19:50 cu-cs-vm systemd[1]: Mounting Arbitrary Executable File Formats File System...
Feb  1 13:19:50 cu-cs-vm systemd[1]: Mounted Arbitrary Executable File Formats File System.
Feb  1 13:19:50 cu-cs-vm systemd[1]: Started Enable support for additional executable binary formats.
Feb  1 13:19:50 cu-cs-vm kernel: [    0.000000] Linux version 4.15.18MechWarriorSucks (root@cu-cs-vm) (gcc version 5.4.0 20160609 (Ubuntu 5.4.0-6ubuntu1~16.04.10)) #10 SMP Fri Feb 1 13:09:03 MST 2019 (Ubuntu 4.15.0-33.36~16.04.1-generic 4.15.18)
Feb  1 13:19:50 cu-cs-vm kernel: [    0.000000] Command line: BOOT_IMAGE=/boot/vmlinuz-4.15.18MechWarriorSucks root=UUID=a7adc8c1-e02a-478b-93ad-c06e060e0176 ro
Feb  1 13:19:50 cu-cs-vm kernel: [    0.000000] KERNEL supported cpus:
Feb  1 13:19:50 cu-cs-vm kernel: [    0.000000]   Intel GenuineIntel
Feb  1 13:19:50 cu-cs-vm systemd[1]: Started Flush Journal to Persistent Storage.
Feb  1 13:19:50 cu-cs-vm kernel: [    0.000000]   AMD AuthenticAMD
Feb  1 13:19:50 cu-cs-vm kernel: [    0.000000]   Centaur CentaurHauls
Feb  1 13:19:50 cu-cs-vm systemd-tmpfiles[440]: [/usr/lib/tmpfiles.d/var.conf:14] Duplicate line for path "/var/log", ignoring.
Feb  1 13:19:50 cu-cs-vm kernel: [    0.000000] Disabled fast string operations
Feb  1 13:19:50 cu-cs-vm kernel: [    0.000000] x86/fpu: Supporting XSAVE feature 0x001: 'x87 floating point registers'
Feb  1 13:19:50 cu-cs-vm kernel: [    0.000000] x86/fpu: Supporting XSAVE feature 0x002: 'SSE registers'
Feb  1 13:19:50 cu-cs-vm kernel: [    0.000000] x86/fpu: Supporting XSAVE feature 0x004: 'AVX registers'
Feb  1 13:19:50 cu-cs-vm systemd[1]: Starting Create Volatile Files and Directories...
Feb  1 13:19:50 cu-cs-vm kernel: [    0.000000] x86/fpu: xstate_offset[2]:  576, xstate_sizes[2]:  256
Feb  1 13:19:50 cu-cs-vm kernel: [    0.000000] x86/fpu: Enabled xstate features 0x7, context size is 832 bytes, using 'standard' format.
Feb  1 13:19:50 cu-cs-vm kernel: [    0.000000] e820: BIOS-provided physical RAM map:
Feb  1 13:19:50 cu-cs-vm kernel: [    0.000000] BIOS-e820: [mem 0x0000000000000000-0x000000000009e7ff] usable
Feb  1 13:19:50 cu-cs-vm kernel: [    0.000000] BIOS-e820: [mem 0x000000000009e800-0x000000000009ffff] reserved
Feb  1 13:19:50 cu-cs-vm kernel: [    0.000000] BIOS-e820: [mem 0x00000000000dc000-0x00000000000fffff] reserved
Feb  1 13:19:50 cu-cs-vm systemd[1]: Started Create Volatile Files and Directories.
Feb  1 13:19:50 cu-cs-vm kernel: [    0.000000] BIOS-e820: [mem 0x0000000000100000-0x00000000bfecffff] usable
Feb  1 13:19:50 cu-cs-vm kernel: [    0.000000] BIOS-e820: [mem 0x00000000bfed0000-0x00000000bfefefff] ACPI data
Feb  1 13:19:50 cu-cs-vm kernel: [    0.000000] BIOS-e820: [mem 0x00000000bfeff000-0x00000000bfefffff] ACPI NVS
Feb  1 13:19:50 cu-cs-vm kernel: [    0.000000] BIOS-e820: [mem 0x00000000bff00000-0x00000000bfffffff] usable
Feb  1 13:19:50 cu-cs-vm kernel: [    0.000000] BIOS-e820: [mem 0x00000000f0000000-0x00000000f7ffffff] reserved
Feb  1 13:19:50 cu-cs-vm kernel: [    0.000000] BIOS-e820: [mem 0x00000000fec00000-0x00000000fec0ffff] reserved
Feb  1 13:19:50 cu-cs-vm kernel: [    0.000000] BIOS-e820: [mem 0x00000000fee00000-0x00000000fee00fff] reserved
Feb  1 13:19:50 cu-cs-vm systemd[1]: Starting Update UTMP about System Boot/Shutdown...
Feb  1 13:19:50 cu-cs-vm kernel: [    0.000000] BIOS-e820: [mem 0x00000000fffe0000-0x00000000ffffffff] reserved
Feb  1 13:19:50 cu-cs-vm kernel: [    0.000000] BIOS-e820: [mem 0x0000000100000000-0x000000013fffffff] usable
Feb  1 13:19:50 cu-cs-vm kernel: [    0.000000] NX (Execute Disable) protection: active
Feb  1 13:19:50 cu-cs-vm kernel: [    0.000000] SMBIOS 2.7 present.
Feb  1 13:19:50 cu-cs-vm kernel: [    0.000000] DMI: VMware, Inc. VMware Virtual Platform/440BX Desktop Reference Platform, BIOS 6.00 05/19/2017
Feb  1 13:19:50 cu-cs-vm systemd[1]: Starting Network Time Synchronization...
Feb  1 13:19:50 cu-cs-vm kernel: [    0.000000] Hypervisor detected: VMware
Feb  1 13:19:50 cu-cs-vm kernel: [    0.000000] vmware: TSC freq read from hypervisor : 2807.988 MHz
Feb  1 13:19:50 cu-cs-vm kernel: [    0.000000] vmware: Host bus clock speed read from hypervisor : 66000000 Hz
Feb  1 13:19:50 cu-cs-vm kernel: [    0.000000] vmware: using sched offset of 11862272022 ns
Feb  1 13:19:50 cu-cs-vm kernel: [    0.000000] e820: update [mem 0x00000000-0x00000fff] usable ==> reserved
Feb  1 13:19:50 cu-cs-vm systemd[1]: Started Network Time Synchronization.
Feb  1 13:19:50 cu-cs-vm kernel: [    0.000000] e820: remove [mem 0x000a0000-0x000fffff] usable
Feb  1 13:19:50 cu-cs-vm kernel: [    0.000000] e820: last_pfn = 0x140000 max_arch_pfn = 0x400000000
Feb  1 13:19:50 cu-cs-vm kernel: [    0.000000] MTRR default type: uncachable
Feb  1 13:19:50 cu-cs-vm kernel: [    0.000000] MTRR fixed ranges enabled:
Feb  1 13:19:50 cu-cs-vm kernel: [    0.000000]   00000-9FFFF write-back
Feb  1 13:19:50 cu-cs-vm systemd[1]: Reached target System Time Synchronized.
Feb  1 13:19:50 cu-cs-vm kernel: [    0.000000]   A0000-BFFFF uncachable
Feb  1 13:19:50 cu-cs-vm kernel: [    0.000000]   C0000-C7FFF write-protect
Feb  1 13:19:50 cu-cs-vm kernel: [    0.000000]   C8000-CBFFF write-back
Feb  1 13:19:50 cu-cs-vm kernel: [    0.000000]   CC000-EFFFF uncachable
Feb  1 13:19:50 cu-cs-vm kernel: [    0.000000]   F0000-FFFFF write-protect
Feb  1 13:19:50 cu-cs-vm systemd[1]: Started udev Coldplug all Devices.
Feb  1 13:19:50 cu-cs-vm kernel: [    0.000000] MTRR variable ranges enabled:
Feb  1 13:19:50 cu-cs-vm kernel: [    0.000000]   0 base 000C0000000 mask 3FFC0000000 uncachable
Feb  1 13:19:50 cu-cs-vm systemd[1]: Started Dispatch Password Requests to Console Directory Watch.
Feb  1 13:19:50 cu-cs-vm kernel: [    0.000000]   1 base 00000000000 mask 3E000000000 write-back
Feb  1 13:19:50 cu-cs-vm kernel: [    0.000000]   2 disabled
Feb  1 13:19:50 cu-cs-vm kernel: [    0.000000]   3 disabled
Feb  1 13:19:50 cu-cs-vm kernel: [    0.000000]   4 disabled
Feb  1 13:19:50 cu-cs-vm kernel: [    0.000000]   5 disabled
Feb  1 13:19:50 cu-cs-vm kernel: [    0.000000]   6 disabled
Feb  1 13:19:50 cu-cs-vm systemd[1]: Started Update UTMP about System Boot/Shutdown.
Feb  1 13:19:50 cu-cs-vm kernel: [    0.000000]   7 disabled
Feb  1 13:19:50 cu-cs-vm kernel: [    0.000000] x86/PAT: Configuration [0-7]: WB  WC  UC- UC  WB  WP  UC- WT  
Feb  1 13:19:50 cu-cs-vm kernel: [    0.000000] total RAM covered: 130048M
Feb  1 13:19:50 cu-cs-vm kernel: [    0.000000] Found optimal setting for mtrr clean up
Feb  1 13:19:50 cu-cs-vm kernel: [    0.000000]  gran_size: 64K 	chunk_size: 64K 	num_reg: 7  	lose cover RAM: 0G
Feb  1 13:19:50 cu-cs-vm kernel: [    0.000000] e820: update [mem 0xc0000000-0xffffffff] usable ==> reserved
Feb  1 13:19:50 cu-cs-vm apparmor[386]:  * Starting AppArmor profiles
Feb  1 13:19:50 cu-cs-vm kernel: [    0.000000] e820: last_pfn = 0xc0000 max_arch_pfn = 0x400000000
Feb  1 13:19:50 cu-cs-vm kernel: [    0.000000] found SMP MP-table at [mem 0x000f6a80-0x000f6a8f] mapped at [        (ptrval)]
Feb  1 13:19:50 cu-cs-vm kernel: [    0.000000] Scanning 1 areas for low memory corruption
Feb  1 13:19:50 cu-cs-vm kernel: [    0.000000] Base memory trampoline at [        (ptrval)] 98000 size 24576
Feb  1 13:19:50 cu-cs-vm kernel: [    0.000000] Using GB pages for direct mapping
Feb  1 13:19:50 cu-cs-vm systemd[1]: Started Set console font and keymap.
Feb  1 13:19:50 cu-cs-vm kernel: [    0.000000] BRK [0x62540000, 0x62540fff] PGTABLE
Feb  1 13:19:50 cu-cs-vm kernel: [    0.000000] BRK [0x62541000, 0x62541fff] PGTABLE
Feb  1 13:19:50 cu-cs-vm kernel: [    0.000000] BRK [0x62542000, 0x62542fff] PGTABLE
Feb  1 13:19:50 cu-cs-vm systemd[1]: Created slice system-getty.slice.
Feb  1 13:19:50 cu-cs-vm kernel: [    0.000000] BRK [0x62543000, 0x62543fff] PGTABLE
Feb  1 13:19:50 cu-cs-vm kernel: [    0.000000] RAMDISK: [mem 0x1d1d2000-0x37feffff]
Feb  1 13:19:50 cu-cs-vm kernel: [    0.000000] ACPI: Early table checksum verification disabled
Feb  1 13:19:50 cu-cs-vm apparmor[386]: Skipping profile in /etc/apparmor.d/disable: usr.bin.firefox
Feb  1 13:19:50 cu-cs-vm kernel: [    0.000000] ACPI: RSDP 0x00000000000F6A10 000024 (v02 PTLTD )
Feb  1 13:19:50 cu-cs-vm kernel: [    0.000000] ACPI: XSDT 0x00000000BFEDD677 000054 (v01 INTEL  440BX    06040000 VMW  01324272)
Feb  1 13:19:50 cu-cs-vm kernel: [    0.000000] ACPI: FACP 0x00000000BFEFEE73 0000F4 (v04 INTEL  440BX    06040000 PTL  000F4240)
Feb  1 13:19:50 cu-cs-vm kernel: [    0.000000] ACPI: DSDT 0x00000000BFEDEB22 020351 (v01 PTLTD  Custom   06040000 MSFT 03000001)
Feb  1 13:19:50 cu-cs-vm kernel: [    0.000000] ACPI: FACS 0x00000000BFEFFFC0 000040
Feb  1 13:19:50 cu-cs-vm kernel: [    0.000000] ACPI: FACS 0x00000000BFEFFFC0 000040
Feb  1 13:19:50 cu-cs-vm apparmor[386]: Skipping profile in /etc/apparmor.d/disable: usr.sbin.rsyslogd
Feb  1 13:19:50 cu-cs-vm kernel: [    0.000000] ACPI: BOOT 0x00000000BFEDEAFA 000028 (v01 PTLTD  $SBFTBL$ 06040000  LTP 00000001)
Feb  1 13:19:50 cu-cs-vm kernel: [    0.000000] ACPI: APIC 0x00000000BFEDE3B8 000742 (v01 PTLTD  ? APIC   06040000  LTP 00000000)
Feb  1 13:19:50 cu-cs-vm kernel: [    0.000000] ACPI: MCFG 0x00000000BFEDE37C 00003C (v01 PTLTD  $PCITBL$ 06040000  LTP 00000001)
Feb  1 13:19:50 cu-cs-vm kernel: [    0.000000] ACPI: SRAT 0x00000000BFEDD72F 0008D0 (v02 VMWARE MEMPLUG  06040000 VMW  00000001)
Feb  1 13:19:50 cu-cs-vm kernel: [    0.000000] ACPI: WAET 0x00000000BFEDD707 000028 (v01 VMWARE VMW WAET 06040000 VMW  00000001)
Feb  1 13:19:50 cu-cs-vm kernel: [    0.000000] ACPI: Local APIC address 0xfee00000
Feb  1 13:19:50 cu-cs-vm apparmor[386]:    ...done.
Feb  1 13:19:50 cu-cs-vm kernel: [    0.000000] system APIC only can use physical flat
Feb  1 13:19:50 cu-cs-vm kernel: [    0.000000] Setting APIC routing to physical flat.
Feb  1 13:19:50 cu-cs-vm kernel: [    0.000000] SRAT: PXM 0 -> APIC 0x00 -> Node 0
Feb  1 13:19:50 cu-cs-vm kernel: [    0.000000] SRAT: PXM 0 -> APIC 0x02 -> Node 0
Feb  1 13:19:50 cu-cs-vm kernel: [    0.000000] SRAT: PXM 0 -> APIC 0x04 -> Node 0
Feb  1 13:19:50 cu-cs-vm systemd[1]: Started LSB: AppArmor initialization.
Feb  1 13:19:50 cu-cs-vm kernel: [    0.000000] SRAT: PXM 0 -> APIC 0x06 -> Node 0
Feb  1 13:19:50 cu-cs-vm kernel: [    0.000000] SRAT: PXM 0 -> APIC 0x08 -> Node 0
Feb  1 13:19:50 cu-cs-vm kernel: [    0.000000] SRAT: PXM 0 -> APIC 0x0a -> Node 0
Feb  1 13:19:50 cu-cs-vm systemd[1]: Starting Raise network interfaces...
Feb  1 13:19:50 cu-cs-vm kernel: [    0.000000] SRAT: PXM 0 -> APIC 0x0c -> Node 0
Feb  1 13:19:50 cu-cs-vm kernel: [    0.000000] SRAT: PXM 0 -> APIC 0x0e -> Node 0
Feb  1 13:19:50 cu-cs-vm kernel: [    0.000000] SRAT: PXM 0 -> APIC 0x10 -> Node 0
Feb  1 13:19:50 cu-cs-vm kernel: [    0.000000] SRAT: PXM 0 -> APIC 0x12 -> Node 0
Feb  1 13:19:50 cu-cs-vm systemd[1]: Started Raise network interfaces.
Feb  1 13:19:50 cu-cs-vm kernel: [    0.000000] SRAT: PXM 0 -> APIC 0x14 -> Node 0
Feb  1 13:19:50 cu-cs-vm kernel: [    0.000000] SRAT: PXM 0 -> APIC 0x16 -> Node 0
Feb  1 13:19:50 cu-cs-vm kernel: [    0.000000] SRAT: PXM 0 -> APIC 0x18 -> Node 0
Feb  1 13:19:50 cu-cs-vm kernel: [    0.000000] SRAT: PXM 0 -> APIC 0x1a -> Node 0
Feb  1 13:19:50 cu-cs-vm kernel: [    0.000000] SRAT: PXM 0 -> APIC 0x1c -> Node 0
Feb  1 13:19:50 cu-cs-vm mtp-probe: checking bus 2, device 2: "/sys/devices/pci0000:00/0000:00:11.0/0000:02:00.0/usb2/2-1"
Feb  1 13:19:50 cu-cs-vm kernel: [    0.000000] SRAT: PXM 0 -> APIC 0x1e -> Node 0
Feb  1 13:19:50 cu-cs-vm kernel: [    0.000000] SRAT: PXM 0 -> APIC 0x20 -> Node 0
Feb  1 13:19:50 cu-cs-vm kernel: [    0.000000] SRAT: PXM 0 -> APIC 0x22 -> Node 0
Feb  1 13:19:50 cu-cs-vm kernel: [    0.000000] SRAT: PXM 0 -> APIC 0x24 -> Node 0
Feb  1 13:19:50 cu-cs-vm kernel: [    0.000000] SRAT: PXM 0 -> APIC 0x26 -> Node 0
Feb  1 13:19:50 cu-cs-vm kernel: [    0.000000] SRAT: PXM 0 -> APIC 0x28 -> Node 0
Feb  1 13:19:50 cu-cs-vm kernel: [    0.000000] SRAT: PXM 0 -> APIC 0x2a -> Node 0
Feb  1 13:19:50 cu-cs-vm mtp-probe: bus: 2, device: 2 was not an MTP device
Feb  1 13:19:50 cu-cs-vm kernel: [    0.000000] SRAT: PXM 0 -> APIC 0x2c -> Node 0
Feb  1 13:19:50 cu-cs-vm kernel: [    0.000000] SRAT: PXM 0 -> APIC 0x2e -> Node 0
Feb  1 13:19:50 cu-cs-vm kernel: [    0.000000] SRAT: PXM 0 -> APIC 0x30 -> Node 0
Feb  1 13:19:50 cu-cs-vm kernel: [    0.000000] SRAT: PXM 0 -> APIC 0x32 -> Node 0
Feb  1 13:19:50 cu-cs-vm kernel: [    0.000000] SRAT: PXM 0 -> APIC 0x34 -> Node 0
Feb  1 13:19:50 cu-cs-vm systemd[1]: Listening on Load/Save RF Kill Switch Status /dev/rfkill Watch.
Feb  1 13:19:50 cu-cs-vm kernel: [    0.000000] SRAT: PXM 0 -> APIC 0x36 -> Node 0
Feb  1 13:19:50 cu-cs-vm systemd[1]: Found device VMware_Virtual_S 5.
Feb  1 13:19:50 cu-cs-vm kernel: [    0.000000] SRAT: PXM 0 -> APIC 0x38 -> Node 0
Feb  1 13:19:50 cu-cs-vm kernel: [    0.000000] SRAT: PXM 0 -> APIC 0x3a -> Node 0
Feb  1 13:19:50 cu-cs-vm kernel: [    0.000000] SRAT: PXM 0 -> APIC 0x3c -> Node 0
Feb  1 13:19:50 cu-cs-vm kernel: [    0.000000] SRAT: PXM 0 -> APIC 0x3e -> Node 0
Feb  1 13:19:50 cu-cs-vm kernel: [    0.000000] SRAT: PXM 0 -> APIC 0x40 -> Node 0
Feb  1 13:19:50 cu-cs-vm systemd[1]: Activating swap /dev/disk/by-uuid/4f6f25d8-6004-459b-b46c-f0f3c3d0de9b...
Feb  1 13:19:50 cu-cs-vm kernel: [    0.000000] SRAT: PXM 0 -> APIC 0x42 -> Node 0
Feb  1 13:19:50 cu-cs-vm kernel: [    0.000000] SRAT: PXM 0 -> APIC 0x44 -> Node 0
Feb  1 13:19:50 cu-cs-vm kernel: [    0.000000] SRAT: PXM 0 -> APIC 0x46 -> Node 0
Feb  1 13:19:50 cu-cs-vm kernel: [    0.000000] SRAT: PXM 0 -> APIC 0x48 -> Node 0
Feb  1 13:19:50 cu-cs-vm kernel: [    0.000000] SRAT: PXM 0 -> APIC 0x4a -> Node 0
Feb  1 13:19:50 cu-cs-vm kernel: [    0.000000] SRAT: PXM 0 -> APIC 0x4c -> Node 0
Feb  1 13:19:50 cu-cs-vm systemd[1]: Activated swap /dev/disk/by-uuid/4f6f25d8-6004-459b-b46c-f0f3c3d0de9b.
Feb  1 13:19:50 cu-cs-vm kernel: [    0.000000] SRAT: PXM 0 -> APIC 0x4e -> Node 0
Feb  1 13:19:50 cu-cs-vm kernel: [    0.000000] SRAT: PXM 0 -> APIC 0x50 -> Node 0
Feb  1 13:19:50 cu-cs-vm kernel: [    0.000000] SRAT: PXM 0 -> APIC 0x52 -> Node 0
Feb  1 13:19:50 cu-cs-vm kernel: [    0.000000] SRAT: PXM 0 -> APIC 0x54 -> Node 0
Feb  1 13:19:50 cu-cs-vm kernel: [    0.000000] SRAT: PXM 0 -> APIC 0x56 -> Node 0
Feb  1 13:19:50 cu-cs-vm systemd[1]: Reached target Swap.
Feb  1 13:19:50 cu-cs-vm kernel: [    0.000000] SRAT: PXM 0 -> APIC 0x58 -> Node 0
Feb  1 13:19:50 cu-cs-vm kernel: [    0.000000] SRAT: PXM 0 -> APIC 0x5a -> Node 0
Feb  1 13:19:50 cu-cs-vm systemd[1]: Reached target System Initialization.
Feb  1 13:19:50 cu-cs-vm systemd[1]: Listening on D-Bus System Message Bus Socket.
Feb  1 13:19:50 cu-cs-vm systemd[1]: Listening on CUPS Scheduler.
Feb  1 13:19:50 cu-cs-vm systemd[1]: Started Daily apt download activities.
Feb  1 13:19:50 cu-cs-vm systemd[1]: Started Daily Cleanup of Temporary Directories.
Feb  1 13:19:50 cu-cs-vm systemd[1]: Starting Socket activation for snappy daemon.
Feb  1 13:19:50 cu-cs-vm systemd[1]: Started ACPI Events Check.
Feb  1 13:19:50 cu-cs-vm systemd[1]: Listening on UUID daemon activation socket.
Feb  1 13:19:50 cu-cs-vm systemd[1]: Listening on ACPID Listen Socket.
Feb  1 13:19:50 cu-cs-vm systemd[1]: Started CUPS Scheduler.
Feb  1 13:19:50 cu-cs-vm systemd[1]: Reached target Paths.
Feb  1 13:19:50 cu-cs-vm systemd[1]: Started Daily apt upgrade and clean activities.
Feb  1 13:19:50 cu-cs-vm systemd[1]: Reached target Timers.
Feb  1 13:19:50 cu-cs-vm systemd[1]: Listening on Avahi mDNS/DNS-SD Stack Activation Socket.
Feb  1 13:19:50 cu-cs-vm systemd[1]: Listening on Socket activation for snappy daemon.
Feb  1 13:19:50 cu-cs-vm systemd[1]: Reached target Sockets.
Feb  1 13:19:50 cu-cs-vm systemd[1]: Reached target Basic System.
Feb  1 13:19:50 cu-cs-vm systemd[1]: Starting Restore /etc/resolv.conf if the system crashed before the ppp link was shut down...
Feb  1 13:19:50 cu-cs-vm systemd[1]: Started Authentication service for virtual machines hosted on VMware.
Feb  1 13:19:50 cu-cs-vm systemd[1]: Starting LSB: automatic crash report generation...
Feb  1 13:19:50 cu-cs-vm systemd[1]: Starting LSB: Record successful boot for GRUB...
Feb  1 13:19:50 cu-cs-vm systemd[1]: Starting Login Service...
Feb  1 13:19:50 cu-cs-vm systemd[1]: Starting Detect the available GPUs and deal with any system changes...
Feb  1 13:19:50 cu-cs-vm systemd[1]: Starting Thermal Daemon Service...
Feb  1 13:19:50 cu-cs-vm systemd[1]: Starting LSB: Set the CPU Frequency Scaling governor to "ondemand"...
Feb  1 13:19:50 cu-cs-vm systemd[1]: Starting Avahi mDNS/DNS-SD Stack...
Feb  1 13:19:50 cu-cs-vm systemd[1]: Starting LSB: daemon to balance interrupts for SMP systems...
Feb  1 13:19:50 cu-cs-vm systemd[1]: Started Run anacron jobs.
Feb  1 13:19:50 cu-cs-vm kernel: [    0.000000] SRAT: PXM 0 -> APIC 0x5c -> Node 0
Feb  1 13:19:50 cu-cs-vm kernel: [    0.000000] SRAT: PXM 0 -> APIC 0x5e -> Node 0
Feb  1 13:19:50 cu-cs-vm kernel: [    0.000000] SRAT: PXM 0 -> APIC 0x60 -> Node 0
Feb  1 13:19:50 cu-cs-vm kernel: [    0.000000] SRAT: PXM 0 -> APIC 0x62 -> Node 0
Feb  1 13:19:50 cu-cs-vm systemd[1]: Started uptime record daemon.
Feb  1 13:19:50 cu-cs-vm kernel: [    0.000000] SRAT: PXM 0 -> APIC 0x64 -> Node 0
Feb  1 13:19:50 cu-cs-vm kernel: [    0.000000] SRAT: PXM 0 -> APIC 0x66 -> Node 0
Feb  1 13:19:50 cu-cs-vm kernel: [    0.000000] SRAT: PXM 0 -> APIC 0x68 -> Node 0
Feb  1 13:19:50 cu-cs-vm kernel: [    0.000000] SRAT: PXM 0 -> APIC 0x6a -> Node 0
Feb  1 13:19:50 cu-cs-vm kernel: [    0.000000] SRAT: PXM 0 -> APIC 0x6c -> Node 0
Feb  1 13:19:50 cu-cs-vm kernel: [    0.000000] SRAT: PXM 0 -> APIC 0x6e -> Node 0
Feb  1 13:19:50 cu-cs-vm gpu-manager[768]: /etc/modprobe.d is not a file
Feb  1 13:19:50 cu-cs-vm kernel: [    0.000000] SRAT: PXM 0 -> APIC 0x70 -> Node 0
Feb  1 13:19:50 cu-cs-vm kernel: [    0.000000] SRAT: PXM 0 -> APIC 0x72 -> Node 0
Feb  1 13:19:50 cu-cs-vm kernel: [    0.000000] SRAT: PXM 0 -> APIC 0x74 -> Node 0
Feb  1 13:19:50 cu-cs-vm kernel: [    0.000000] SRAT: PXM 0 -> APIC 0x76 -> Node 0
Feb  1 13:19:50 cu-cs-vm kernel: [    0.000000] SRAT: PXM 0 -> APIC 0x78 -> Node 0
Feb  1 13:19:50 cu-cs-vm kernel: [    0.000000] SRAT: PXM 0 -> APIC 0x7a -> Node 0
Feb  1 13:19:50 cu-cs-vm kernel: [    0.000000] SRAT: PXM 0 -> APIC 0x7c -> Node 0
Feb  1 13:19:50 cu-cs-vm kernel: [    0.000000] SRAT: PXM 0 -> APIC 0x7e -> Node 0
Feb  1 13:19:50 cu-cs-vm kernel: [    0.000000] SRAT: PXM 0 -> APIC 0x80 -> Node 0
Feb  1 13:19:50 cu-cs-vm kernel: [    0.000000] SRAT: PXM 0 -> APIC 0x82 -> Node 0
Feb  1 13:19:50 cu-cs-vm kernel: [    0.000000] SRAT: PXM 0 -> APIC 0x84 -> Node 0
Feb  1 13:19:50 cu-cs-vm kernel: [    0.000000] SRAT: PXM 0 -> APIC 0x86 -> Node 0
Feb  1 13:19:50 cu-cs-vm kernel: [    0.000000] SRAT: PXM 0 -> APIC 0x88 -> Node 0
Feb  1 13:19:50 cu-cs-vm kernel: [    0.000000] SRAT: PXM 0 -> APIC 0x8a -> Node 0
Feb  1 13:19:50 cu-cs-vm kernel: [    0.000000] SRAT: PXM 0 -> APIC 0x8c -> Node 0
Feb  1 13:19:50 cu-cs-vm kernel: [    0.000000] SRAT: PXM 0 -> APIC 0x8e -> Node 0
Feb  1 13:19:50 cu-cs-vm kernel: [    0.000000] SRAT: PXM 0 -> APIC 0x90 -> Node 0
Feb  1 13:19:50 cu-cs-vm kernel: [    0.000000] SRAT: PXM 0 -> APIC 0x92 -> Node 0
Feb  1 13:19:50 cu-cs-vm kernel: [    0.000000] SRAT: PXM 0 -> APIC 0x94 -> Node 0
Feb  1 13:19:50 cu-cs-vm kernel: [    0.000000] SRAT: PXM 0 -> APIC 0x96 -> Node 0
Feb  1 13:19:50 cu-cs-vm kernel: [    0.000000] SRAT: PXM 0 -> APIC 0x98 -> Node 0
Feb  1 13:19:50 cu-cs-vm kernel: [    0.000000] SRAT: PXM 0 -> APIC 0x9a -> Node 0
Feb  1 13:19:50 cu-cs-vm kernel: [    0.000000] SRAT: PXM 0 -> APIC 0x9c -> Node 0
Feb  1 13:19:50 cu-cs-vm kernel: [    0.000000] SRAT: PXM 0 -> APIC 0x9e -> Node 0
Feb  1 13:19:50 cu-cs-vm kernel: [    0.000000] SRAT: PXM 0 -> APIC 0xa0 -> Node 0
Feb  1 13:19:50 cu-cs-vm kernel: [    0.000000] SRAT: PXM 0 -> APIC 0xa2 -> Node 0
Feb  1 13:19:50 cu-cs-vm kernel: [    0.000000] SRAT: PXM 0 -> APIC 0xa4 -> Node 0
Feb  1 13:19:50 cu-cs-vm kernel: [    0.000000] SRAT: PXM 0 -> APIC 0xa6 -> Node 0
Feb  1 13:19:50 cu-cs-vm kernel: [    0.000000] SRAT: PXM 0 -> APIC 0xa8 -> Node 0
Feb  1 13:19:50 cu-cs-vm kernel: [    0.000000] SRAT: PXM 0 -> APIC 0xaa -> Node 0
Feb  1 13:19:50 cu-cs-vm kernel: [    0.000000] SRAT: PXM 0 -> APIC 0xac -> Node 0
Feb  1 13:19:50 cu-cs-vm kernel: [    0.000000] SRAT: PXM 0 -> APIC 0xae -> Node 0
Feb  1 13:19:50 cu-cs-vm kernel: [    0.000000] SRAT: PXM 0 -> APIC 0xb0 -> Node 0
Feb  1 13:19:50 cu-cs-vm kernel: [    0.000000] SRAT: PXM 0 -> APIC 0xb2 -> Node 0
Feb  1 13:19:50 cu-cs-vm kernel: [    0.000000] SRAT: PXM 0 -> APIC 0xb4 -> Node 0
Feb  1 13:19:50 cu-cs-vm kernel: [    0.000000] SRAT: PXM 0 -> APIC 0xb6 -> Node 0
Feb  1 13:19:50 cu-cs-vm kernel: [    0.000000] SRAT: PXM 0 -> APIC 0xb8 -> Node 0
Feb  1 13:19:50 cu-cs-vm kernel: [    0.000000] SRAT: PXM 0 -> APIC 0xba -> Node 0
Feb  1 13:19:50 cu-cs-vm kernel: [    0.000000] SRAT: PXM 0 -> APIC 0xbc -> Node 0
Feb  1 13:19:50 cu-cs-vm kernel: [    0.000000] SRAT: PXM 0 -> APIC 0xbe -> Node 0
Feb  1 13:19:50 cu-cs-vm kernel: [    0.000000] SRAT: PXM 0 -> APIC 0xc0 -> Node 0
Feb  1 13:19:50 cu-cs-vm kernel: [    0.000000] SRAT: PXM 0 -> APIC 0xc2 -> Node 0
Feb  1 13:19:50 cu-cs-vm kernel: [    0.000000] SRAT: PXM 0 -> APIC 0xc4 -> Node 0
Feb  1 13:19:50 cu-cs-vm kernel: [    0.000000] SRAT: PXM 0 -> APIC 0xc6 -> Node 0
Feb  1 13:19:50 cu-cs-vm kernel: [    0.000000] SRAT: PXM 0 -> APIC 0xc8 -> Node 0
Feb  1 13:19:50 cu-cs-vm kernel: [    0.000000] SRAT: PXM 0 -> APIC 0xca -> Node 0
Feb  1 13:19:50 cu-cs-vm kernel: [    0.000000] SRAT: PXM 0 -> APIC 0xcc -> Node 0
Feb  1 13:19:50 cu-cs-vm gpu-manager[768]: message repeated 4 times: [ /etc/modprobe.d is not a file]
Feb  1 13:19:50 cu-cs-vm gpu-manager[768]: Error: can't open /lib/modules/4.15.18MechWarriorSucks/updates/dkms
Feb  1 13:19:50 cu-cs-vm kernel: [    0.000000] SRAT: PXM 0 -> APIC 0xce -> Node 0
Feb  1 13:19:50 cu-cs-vm kernel: [    0.000000] SRAT: PXM 0 -> APIC 0xd0 -> Node 0
Feb  1 13:19:50 cu-cs-vm kernel: [    0.000000] SRAT: PXM 0 -> APIC 0xd2 -> Node 0
Feb  1 13:19:50 cu-cs-vm kernel: [    0.000000] SRAT: PXM 0 -> APIC 0xd4 -> Node 0
Feb  1 13:19:50 cu-cs-vm kernel: [    0.000000] SRAT: PXM 0 -> APIC 0xd6 -> Node 0
Feb  1 13:19:50 cu-cs-vm kernel: [    0.000000] SRAT: PXM 0 -> APIC 0xd8 -> Node 0
Feb  1 13:19:50 cu-cs-vm kernel: [    0.000000] SRAT: PXM 0 -> APIC 0xda -> Node 0
Feb  1 13:19:50 cu-cs-vm kernel: [    0.000000] SRAT: PXM 0 -> APIC 0xdc -> Node 0
Feb  1 13:19:50 cu-cs-vm kernel: [    0.000000] SRAT: PXM 0 -> APIC 0xde -> Node 0
Feb  1 13:19:50 cu-cs-vm gpu-manager[768]: Error: can't open /lib/modules/4.15.18MechWarriorSucks/updates/dkms
Feb  1 13:19:50 cu-cs-vm kernel: [    0.000000] SRAT: PXM 0 -> APIC 0xe0 -> Node 0
Feb  1 13:19:50 cu-cs-vm anacron[782]: Anacron 2.3 started on 2019-02-01
Feb  1 13:19:50 cu-cs-vm kernel: [    0.000000] SRAT: PXM 0 -> APIC 0xe2 -> Node 0
Feb  1 13:19:50 cu-cs-vm anacron[782]: Normal exit (0 jobs run)
Feb  1 13:19:50 cu-cs-vm kernel: [    0.000000] SRAT: PXM 0 -> APIC 0xe4 -> Node 0
Feb  1 13:19:50 cu-cs-vm kernel: [    0.000000] SRAT: PXM 0 -> APIC 0xe6 -> Node 0
Feb  1 13:19:50 cu-cs-vm kernel: [    0.000000] SRAT: PXM 0 -> APIC 0xe8 -> Node 0
Feb  1 13:19:50 cu-cs-vm kernel: [    0.000000] SRAT: PXM 0 -> APIC 0xea -> Node 0
Feb  1 13:19:50 cu-cs-vm kernel: [    0.000000] SRAT: PXM 0 -> APIC 0xec -> Node 0
Feb  1 13:19:50 cu-cs-vm systemd[1]: Starting Snappy daemon...
Feb  1 13:19:50 cu-cs-vm kernel: [    0.000000] SRAT: PXM 0 -> APIC 0xee -> Node 0
Feb  1 13:19:50 cu-cs-vm kernel: [    0.000000] SRAT: PXM 0 -> APIC 0xf0 -> Node 0
Feb  1 13:19:50 cu-cs-vm systemd[1]: Started Regular background program processing daemon.
Feb  1 13:19:50 cu-cs-vm kernel: [    0.000000] SRAT: PXM 0 -> APIC 0xf2 -> Node 0
Feb  1 13:19:50 cu-cs-vm kernel: [    0.000000] SRAT: PXM 0 -> APIC 0xf4 -> Node 0
Feb  1 13:19:50 cu-cs-vm kernel: [    0.000000] SRAT: PXM 0 -> APIC 0xf6 -> Node 0
Feb  1 13:19:50 cu-cs-vm kernel: [    0.000000] SRAT: PXM 0 -> APIC 0xf8 -> Node 0
Feb  1 13:19:50 cu-cs-vm kernel: [    0.000000] SRAT: PXM 0 -> APIC 0xfa -> Node 0
Feb  1 13:19:50 cu-cs-vm systemd[1]: Starting LSB: Execute the kexec -e command to reboot system...
Feb  1 13:19:50 cu-cs-vm kernel: [    0.000000] SRAT: PXM 0 -> APIC 0xfc -> Node 0
Feb  1 13:19:50 cu-cs-vm kernel: [    0.000000] SRAT: PXM 0 -> APIC 0xfe -> Node 0
Feb  1 13:19:50 cu-cs-vm kernel: [    0.000000] ACPI: SRAT: Node 0 PXM 0 [mem 0x00000000-0x0009ffff]
Feb  1 13:19:50 cu-cs-vm kernel: [    0.000000] ACPI: SRAT: Node 0 PXM 0 [mem 0x00100000-0xbfffffff]
Feb  1 13:19:50 cu-cs-vm kernel: [    0.000000] ACPI: SRAT: Node 0 PXM 0 [mem 0x100000000-0x13fffffff]
Feb  1 13:19:50 cu-cs-vm kernel: [    0.000000] ACPI: SRAT: Node 0 PXM 0 [mem 0x140000000-0x103fffffff] hotplug
Feb  1 13:19:50 cu-cs-vm VGAuthService[762]: ** Message: Pref_Init: Using '/etc/vmware-tools/vgauth.conf' as preferences filepath
Feb  1 13:19:50 cu-cs-vm kernel: [    0.000000] NUMA: Node 0 [mem 0x00000000-0x0009ffff] + [mem 0x00100000-0xbfffffff] -> [mem 0x00000000-0xbfffffff]
Feb  1 13:19:50 cu-cs-vm kernel: [    0.000000] NUMA: Node 0 [mem 0x00000000-0xbfffffff] + [mem 0x100000000-0x13fffffff] -> [mem 0x00000000-0x13fffffff]
Feb  1 13:19:50 cu-cs-vm kernel: [    0.000000] NODE_DATA(0) allocated [mem 0x13ffd3000-0x13fffdfff]
Feb  1 13:19:50 cu-cs-vm avahi-daemon[779]: Found user 'avahi' (UID 111) and group 'avahi' (GID 120).
Feb  1 13:19:50 cu-cs-vm kernel: [    0.000000] Zone ranges:
Feb  1 13:19:50 cu-cs-vm kernel: [    0.000000]   DMA      [mem 0x0000000000001000-0x0000000000ffffff]
Feb  1 13:19:50 cu-cs-vm kernel: [    0.000000]   DMA32    [mem 0x0000000001000000-0x00000000ffffffff]
Feb  1 13:19:50 cu-cs-vm avahi-daemon[779]: Successfully dropped root privileges.
Feb  1 13:19:50 cu-cs-vm kernel: [    0.000000]   Normal   [mem 0x0000000100000000-0x000000013fffffff]
Feb  1 13:19:50 cu-cs-vm kernel: [    0.000000]   Device   empty
Feb  1 13:19:50 cu-cs-vm kernel: [    0.000000] Movable zone start for each node
Feb  1 13:19:50 cu-cs-vm kernel: [    0.000000] Early memory node ranges
Feb  1 13:19:50 cu-cs-vm kernel: [    0.000000]   node   0: [mem 0x0000000000001000-0x000000000009dfff]
Feb  1 13:19:50 cu-cs-vm avahi-daemon[779]: avahi-daemon 0.6.32-rc starting up.
Feb  1 13:19:50 cu-cs-vm kernel: [    0.000000]   node   0: [mem 0x0000000000100000-0x00000000bfecffff]
Feb  1 13:19:50 cu-cs-vm kernel: [    0.000000]   node   0: [mem 0x00000000bff00000-0x00000000bfffffff]
Feb  1 13:19:50 cu-cs-vm kernel: [    0.000000]   node   0: [mem 0x0000000100000000-0x000000013fffffff]
Feb  1 13:19:50 cu-cs-vm kernel: [    0.000000] Initmem setup node 0 [mem 0x0000000000001000-0x000000013fffffff]
Feb  1 13:19:50 cu-cs-vm systemd[1]: Started ACPI event daemon.
Feb  1 13:19:50 cu-cs-vm kernel: [    0.000000] On node 0 totalpages: 1048429
Feb  1 13:19:50 cu-cs-vm kernel: [    0.000000]   DMA zone: 64 pages used for memmap
Feb  1 13:19:50 cu-cs-vm kernel: [    0.000000]   DMA zone: 21 pages reserved
Feb  1 13:19:50 cu-cs-vm kernel: [    0.000000]   DMA zone: 3997 pages, LIFO batch:0
Feb  1 13:19:50 cu-cs-vm kernel: [    0.000000]   DMA32 zone: 12224 pages used for memmap
Feb  1 13:19:50 cu-cs-vm VGAuthService[762]: ** Message: Core dump limit set to -1
Feb  1 13:19:50 cu-cs-vm kernel: [    0.000000]   DMA32 zone: 782288 pages, LIFO batch:31
Feb  1 13:19:50 cu-cs-vm kernel: [    0.000000]   Normal zone: 4096 pages used for memmap
Feb  1 13:19:50 cu-cs-vm kernel: [    0.000000]   Normal zone: 262144 pages, LIFO batch:31
Feb  1 13:19:50 cu-cs-vm VGAuthService[762]: ** Message: Cannot load message catalog for domain 'VGAuthService', language 'C', catalog dir '.'.
Feb  1 13:19:50 cu-cs-vm kernel: [    0.000000] Reserved but unavailable: 99 pages
Feb  1 13:19:50 cu-cs-vm kernel: [    0.000000] ACPI: PM-Timer IO Port: 0x1008
Feb  1 13:19:50 cu-cs-vm kernel: [    0.000000] ACPI: Local APIC address 0xfee00000
Feb  1 13:19:50 cu-cs-vm kernel: [    0.000000] system APIC only can use physical flat
Feb  1 13:19:50 cu-cs-vm kernel: [    0.000000] ACPI: LAPIC_NMI (acpi_id[0x00] high edge lint[0x1])
Feb  1 13:19:50 cu-cs-vm VGAuthService[762]: ** Message: INIT SERVICE
Feb  1 13:19:50 cu-cs-vm kernel: [    0.000000] ACPI: LAPIC_NMI (acpi_id[0x01] high edge lint[0x1])
Feb  1 13:19:50 cu-cs-vm kernel: [    0.000000] ACPI: LAPIC_NMI (acpi_id[0x02] high edge lint[0x1])
Feb  1 13:19:50 cu-cs-vm VGAuthService[762]: ** Message: Using '/var/lib/vmware/VGAuth/aliasStore' for alias store root directory
Feb  1 13:19:50 cu-cs-vm kernel: [    0.000000] ACPI: LAPIC_NMI (acpi_id[0x03] high edge lint[0x1])
Feb  1 13:19:50 cu-cs-vm kernel: [    0.000000] ACPI: LAPIC_NMI (acpi_id[0x04] high edge lint[0x1])
Feb  1 13:19:50 cu-cs-vm kernel: [    0.000000] ACPI: LAPIC_NMI (acpi_id[0x05] high edge lint[0x1])
Feb  1 13:19:50 cu-cs-vm kernel: [    0.000000] ACPI: LAPIC_NMI (acpi_id[0x06] high edge lint[0x1])
Feb  1 13:19:50 cu-cs-vm systemd[1]: Starting Permit User Sessions...
Feb  1 13:19:50 cu-cs-vm kernel: [    0.000000] ACPI: LAPIC_NMI (acpi_id[0x07] high edge lint[0x1])
Feb  1 13:19:50 cu-cs-vm kernel: [    0.000000] ACPI: LAPIC_NMI (acpi_id[0x08] high edge lint[0x1])
Feb  1 13:19:50 cu-cs-vm kernel: [    0.000000] ACPI: LAPIC_NMI (acpi_id[0x09] high edge lint[0x1])
Feb  1 13:19:50 cu-cs-vm kernel: [    0.000000] ACPI: LAPIC_NMI (acpi_id[0x0a] high edge lint[0x1])
Feb  1 13:19:50 cu-cs-vm kernel: [    0.000000] ACPI: LAPIC_NMI (acpi_id[0x0b] high edge lint[0x1])
Feb  1 13:19:50 cu-cs-vm kernel: [    0.000000] ACPI: LAPIC_NMI (acpi_id[0x0c] high edge lint[0x1])
Feb  1 13:19:50 cu-cs-vm systemd[1]: Started CUPS Scheduler.
Feb  1 13:19:50 cu-cs-vm systemd[1]: Starting Initialize hardware monitoring sensors...
Feb  1 13:19:50 cu-cs-vm VGAuthService[762]: ** Message: LoadCatalogAndSchema: Using '/etc/vmware-tools/vgauth/schemas' for SAML schemas
Feb  1 13:19:50 cu-cs-vm systemd[1]: Starting System Logging Service...
Feb  1 13:19:50 cu-cs-vm systemd[1]: Starting LSB: Speech Dispatcher...
Feb  1 13:19:50 cu-cs-vm systemd[1]: Starting Accounts Service...
Feb  1 13:19:50 cu-cs-vm kernel: [    0.000000] ACPI: LAPIC_NMI (acpi_id[0x0d] high edge lint[0x1])
Feb  1 13:19:50 cu-cs-vm kernel: [    0.000000] ACPI: LAPIC_NMI (acpi_id[0x0e] high edge lint[0x1])
Feb  1 13:19:50 cu-cs-vm kernel: [    0.000000] ACPI: LAPIC_NMI (acpi_id[0x0f] high edge lint[0x1])
Feb  1 13:19:50 cu-cs-vm kernel: [    0.000000] ACPI: LAPIC_NMI (acpi_id[0x10] high edge lint[0x1])
Feb  1 13:19:50 cu-cs-vm kernel: [    0.000000] ACPI: LAPIC_NMI (acpi_id[0x11] high edge lint[0x1])
Feb  1 13:19:50 cu-cs-vm kernel: [    0.000000] ACPI: LAPIC_NMI (acpi_id[0x12] high edge lint[0x1])
Feb  1 13:19:50 cu-cs-vm systemd[1]: Started D-Bus System Message Bus.
Feb  1 13:19:50 cu-cs-vm cron[810]: (CRON) INFO (pidfile fd = 3)
Feb  1 13:19:50 cu-cs-vm cron[810]: (CRON) INFO (Running @reboot jobs)
Feb  1 13:19:50 cu-cs-vm kernel: [    0.000000] ACPI: LAPIC_NMI (acpi_id[0x13] high edge lint[0x1])
Feb  1 13:19:50 cu-cs-vm kernel: [    0.000000] ACPI: LAPIC_NMI (acpi_id[0x14] high edge lint[0x1])
Feb  1 13:19:50 cu-cs-vm VGAuthService[762]: ** Message: LoadPrefs: Allowing 300 of clock skew for SAML date validation
Feb  1 13:19:50 cu-cs-vm kernel: [    0.000000] ACPI: LAPIC_NMI (acpi_id[0x15] high edge lint[0x1])
Feb  1 13:19:50 cu-cs-vm kernel: [    0.000000] ACPI: LAPIC_NMI (acpi_id[0x16] high edge lint[0x1])
Feb  1 13:19:50 cu-cs-vm kernel: [    0.000000] ACPI: LAPIC_NMI (acpi_id[0x17] high edge lint[0x1])
Feb  1 13:19:50 cu-cs-vm VGAuthService[762]: ** Message: SAML_Init: Using xmlsec1 1.2.20 for XML signature support
Feb  1 13:19:50 cu-cs-vm VGAuthService[762]: ** Message: ServiceNetworkCreateSocketDir: Created socket directory '/var/run/vmware'
Feb  1 13:19:50 cu-cs-vm VGAuthService[762]: ** Message: BEGIN SERVICE
Feb  1 13:19:50 cu-cs-vm gpu-manager[768]: update-alternatives: error: no alternatives for x86_64-linux-gnu_gfxcore_conf
Feb  1 13:19:50 cu-cs-vm sensors[818]: No sensors found!
Feb  1 13:19:50 cu-cs-vm sensors[818]: Make sure you loaded all the kernel drivers you need.
Feb  1 13:19:50 cu-cs-vm sensors[818]: Try sensors-detect to find out which these are.
Feb  1 13:19:50 cu-cs-vm snapd[805]: AppArmor status: apparmor is enabled and all features are available
Feb  1 13:19:50 cu-cs-vm kernel: [    0.000000] ACPI: LAPIC_NMI (acpi_id[0x18] high edge lint[0x1])
Feb  1 13:19:50 cu-cs-vm kernel: [    0.000000] ACPI: LAPIC_NMI (acpi_id[0x19] high edge lint[0x1])
Feb  1 13:19:50 cu-cs-vm kernel: [    0.000000] ACPI: LAPIC_NMI (acpi_id[0x1a] high edge lint[0x1])
Feb  1 13:19:50 cu-cs-vm kernel: [    0.000000] ACPI: LAPIC_NMI (acpi_id[0x1b] high edge lint[0x1])
Feb  1 13:19:50 cu-cs-vm kernel: [    0.000000] ACPI: LAPIC_NMI (acpi_id[0x1c] high edge lint[0x1])
Feb  1 13:19:50 cu-cs-vm kernel: [    0.000000] ACPI: LAPIC_NMI (acpi_id[0x1d] high edge lint[0x1])
Feb  1 13:19:50 cu-cs-vm kernel: [    0.000000] ACPI: LAPIC_NMI (acpi_id[0x1e] high edge lint[0x1])
Feb  1 13:19:50 cu-cs-vm kernel: [    0.000000] ACPI: LAPIC_NMI (acpi_id[0x1f] high edge lint[0x1])
Feb  1 13:19:50 cu-cs-vm kernel: [    0.000000] ACPI: LAPIC_NMI (acpi_id[0x20] high edge lint[0x1])
Feb  1 13:19:50 cu-cs-vm kernel: [    0.000000] ACPI: LAPIC_NMI (acpi_id[0x21] high edge lint[0x1])
Feb  1 13:19:50 cu-cs-vm kernel: [    0.000000] ACPI: LAPIC_NMI (acpi_id[0x22] high edge lint[0x1])
Feb  1 13:19:50 cu-cs-vm kernel: [    0.000000] ACPI: LAPIC_NMI (acpi_id[0x23] high edge lint[0x1])
Feb  1 13:19:50 cu-cs-vm kernel: [    0.000000] ACPI: LAPIC_NMI (acpi_id[0x24] high edge lint[0x1])
Feb  1 13:19:50 cu-cs-vm kernel: [    0.000000] ACPI: LAPIC_NMI (acpi_id[0x25] high edge lint[0x1])
Feb  1 13:19:50 cu-cs-vm kernel: [    0.000000] ACPI: LAPIC_NMI (acpi_id[0x26] high edge lint[0x1])
Feb  1 13:19:50 cu-cs-vm kernel: [    0.000000] ACPI: LAPIC_NMI (acpi_id[0x27] high edge lint[0x1])
Feb  1 13:19:50 cu-cs-vm kernel: [    0.000000] ACPI: LAPIC_NMI (acpi_id[0x28] high edge lint[0x1])
Feb  1 13:19:50 cu-cs-vm kernel: [    0.000000] ACPI: LAPIC_NMI (acpi_id[0x29] high edge lint[0x1])
Feb  1 13:19:50 cu-cs-vm rsyslogd-2039: Could not open output pipe '/dev/xconsole':: No such file or directory [v8.16.0 try http://www.rsyslog.com/e/2039 ]
Feb  1 13:19:50 cu-cs-vm kernel: [    0.000000] ACPI: LAPIC_NMI (acpi_id[0x2a] high edge lint[0x1])
Feb  1 13:19:50 cu-cs-vm kernel: [    0.000000] ACPI: LAPIC_NMI (acpi_id[0x2b] high edge lint[0x1])
Feb  1 13:19:50 cu-cs-vm kernel: [    0.000000] ACPI: LAPIC_NMI (acpi_id[0x2c] high edge lint[0x1])
Feb  1 13:19:50 cu-cs-vm kernel: [    0.000000] ACPI: LAPIC_NMI (acpi_id[0x2d] high edge lint[0x1])
Feb  1 13:19:50 cu-cs-vm kernel: [    0.000000] ACPI: LAPIC_NMI (acpi_id[0x2e] high edge lint[0x1])
Feb  1 13:19:50 cu-cs-vm kernel: [    0.000000] ACPI: LAPIC_NMI (acpi_id[0x2f] high edge lint[0x1])
Feb  1 13:19:50 cu-cs-vm kernel: [    0.000000] ACPI: LAPIC_NMI (acpi_id[0x30] high edge lint[0x1])
Feb  1 13:19:50 cu-cs-vm kernel: [    0.000000] ACPI: LAPIC_NMI (acpi_id[0x31] high edge lint[0x1])
Feb  1 13:19:50 cu-cs-vm kernel: [    0.000000] ACPI: LAPIC_NMI (acpi_id[0x32] high edge lint[0x1])
Feb  1 13:19:50 cu-cs-vm kernel: [    0.000000] ACPI: LAPIC_NMI (acpi_id[0x33] high edge lint[0x1])
Feb  1 13:19:50 cu-cs-vm kernel: [    0.000000] ACPI: LAPIC_NMI (acpi_id[0x34] high edge lint[0x1])
Feb  1 13:19:50 cu-cs-vm kernel: [    0.000000] ACPI: LAPIC_NMI (acpi_id[0x35] high edge lint[0x1])
Feb  1 13:19:50 cu-cs-vm rsyslogd-2007: action 'action 10' suspended, next retry is Fri Feb  1 13:20:20 2019 [v8.16.0 try http://www.rsyslog.com/e/2007 ]
Feb  1 13:19:50 cu-cs-vm kernel: [    0.000000] ACPI: LAPIC_NMI (acpi_id[0x36] high edge lint[0x1])
Feb  1 13:19:50 cu-cs-vm kernel: [    0.000000] ACPI: LAPIC_NMI (acpi_id[0x37] high edge lint[0x1])
Feb  1 13:19:50 cu-cs-vm kernel: [    0.000000] ACPI: LAPIC_NMI (acpi_id[0x38] high edge lint[0x1])
Feb  1 13:19:50 cu-cs-vm kernel: [    0.000000] ACPI: LAPIC_NMI (acpi_id[0x39] high edge lint[0x1])
Feb  1 13:19:50 cu-cs-vm kernel: [    0.000000] ACPI: LAPIC_NMI (acpi_id[0x3a] high edge lint[0x1])
Feb  1 13:19:50 cu-cs-vm kernel: [    0.000000] ACPI: LAPIC_NMI (acpi_id[0x3b] high edge lint[0x1])
Feb  1 13:19:50 cu-cs-vm kernel: [    0.000000] ACPI: LAPIC_NMI (acpi_id[0x3c] high edge lint[0x1])
Feb  1 13:19:50 cu-cs-vm kernel: [    0.000000] ACPI: LAPIC_NMI (acpi_id[0x3d] high edge lint[0x1])
Feb  1 13:19:50 cu-cs-vm kernel: [    0.000000] ACPI: LAPIC_NMI (acpi_id[0x3e] high edge lint[0x1])
Feb  1 13:19:50 cu-cs-vm kernel: [    0.000000] ACPI: LAPIC_NMI (acpi_id[0x3f] high edge lint[0x1])
Feb  1 13:19:50 cu-cs-vm kernel: [    0.000000] ACPI: LAPIC_NMI (acpi_id[0x40] high edge lint[0x1])
Feb  1 13:19:50 cu-cs-vm kernel: [    0.000000] ACPI: LAPIC_NMI (acpi_id[0x41] high edge lint[0x1])
Feb  1 13:19:50 cu-cs-vm kernel: [    0.000000] ACPI: LAPIC_NMI (acpi_id[0x42] high edge lint[0x1])
Feb  1 13:19:50 cu-cs-vm kernel: [    0.000000] ACPI: LAPIC_NMI (acpi_id[0x43] high edge lint[0x1])
Feb  1 13:19:50 cu-cs-vm kernel: [    0.000000] ACPI: LAPIC_NMI (acpi_id[0x44] high edge lint[0x1])
Feb  1 13:19:50 cu-cs-vm kernel: [    0.000000] ACPI: LAPIC_NMI (acpi_id[0x45] high edge lint[0x1])
Feb  1 13:19:50 cu-cs-vm kernel: [    0.000000] ACPI: LAPIC_NMI (acpi_id[0x46] high edge lint[0x1])
Feb  1 13:19:50 cu-cs-vm kernel: [    0.000000] ACPI: LAPIC_NMI (acpi_id[0x47] high edge lint[0x1])
Feb  1 13:19:50 cu-cs-vm kernel: [    0.000000] ACPI: LAPIC_NMI (acpi_id[0x48] high edge lint[0x1])
Feb  1 13:19:50 cu-cs-vm kernel: [    0.000000] ACPI: LAPIC_NMI (acpi_id[0x49] high edge lint[0x1])
Feb  1 13:19:50 cu-cs-vm kernel: [    0.000000] ACPI: LAPIC_NMI (acpi_id[0x4a] high edge lint[0x1])
Feb  1 13:19:50 cu-cs-vm kernel: [    0.000000] ACPI: LAPIC_NMI (acpi_id[0x4b] high edge lint[0x1])
Feb  1 13:19:50 cu-cs-vm kernel: [    0.000000] ACPI: LAPIC_NMI (acpi_id[0x4c] high edge lint[0x1])
Feb  1 13:19:50 cu-cs-vm kernel: [    0.000000] ACPI: LAPIC_NMI (acpi_id[0x4d] high edge lint[0x1])
Feb  1 13:19:50 cu-cs-vm kernel: [    0.000000] ACPI: LAPIC_NMI (acpi_id[0x4e] high edge lint[0x1])
Feb  1 13:19:50 cu-cs-vm kernel: [    0.000000] ACPI: LAPIC_NMI (acpi_id[0x4f] high edge lint[0x1])
Feb  1 13:19:50 cu-cs-vm kernel: [    0.000000] ACPI: LAPIC_NMI (acpi_id[0x50] high edge lint[0x1])
Feb  1 13:19:50 cu-cs-vm kernel: [    0.000000] ACPI: LAPIC_NMI (acpi_id[0x51] high edge lint[0x1])
Feb  1 13:19:50 cu-cs-vm kernel: [    0.000000] ACPI: LAPIC_NMI (acpi_id[0x52] high edge lint[0x1])
Feb  1 13:19:50 cu-cs-vm kernel: [    0.000000] ACPI: LAPIC_NMI (acpi_id[0x53] high edge lint[0x1])
Feb  1 13:19:50 cu-cs-vm kernel: [    0.000000] ACPI: LAPIC_NMI (acpi_id[0x54] high edge lint[0x1])
Feb  1 13:19:50 cu-cs-vm kernel: [    0.000000] ACPI: LAPIC_NMI (acpi_id[0x55] high edge lint[0x1])
Feb  1 13:19:50 cu-cs-vm kernel: [    0.000000] ACPI: LAPIC_NMI (acpi_id[0x56] high edge lint[0x1])
Feb  1 13:19:50 cu-cs-vm kernel: [    0.000000] ACPI: LAPIC_NMI (acpi_id[0x57] high edge lint[0x1])
Feb  1 13:19:50 cu-cs-vm kernel: [    0.000000] ACPI: LAPIC_NMI (acpi_id[0x58] high edge lint[0x1])
Feb  1 13:19:50 cu-cs-vm kernel: [    0.000000] ACPI: LAPIC_NMI (acpi_id[0x59] high edge lint[0x1])
Feb  1 13:19:50 cu-cs-vm kernel: [    0.000000] ACPI: LAPIC_NMI (acpi_id[0x5a] high edge lint[0x1])
Feb  1 13:19:50 cu-cs-vm kernel: [    0.000000] ACPI: LAPIC_NMI (acpi_id[0x5b] high edge lint[0x1])
Feb  1 13:19:50 cu-cs-vm kernel: [    0.000000] ACPI: LAPIC_NMI (acpi_id[0x5c] high edge lint[0x1])
Feb  1 13:19:50 cu-cs-vm kernel: [    0.000000] ACPI: LAPIC_NMI (acpi_id[0x5d] high edge lint[0x1])
Feb  1 13:19:50 cu-cs-vm kernel: [    0.000000] ACPI: LAPIC_NMI (acpi_id[0x5e] high edge lint[0x1])
Feb  1 13:19:50 cu-cs-vm kernel: [    0.000000] ACPI: LAPIC_NMI (acpi_id[0x5f] high edge lint[0x1])
Feb  1 13:19:50 cu-cs-vm kernel: [    0.000000] ACPI: LAPIC_NMI (acpi_id[0x60] high edge lint[0x1])
Feb  1 13:19:50 cu-cs-vm kernel: [    0.000000] ACPI: LAPIC_NMI (acpi_id[0x61] high edge lint[0x1])
Feb  1 13:19:50 cu-cs-vm kernel: [    0.000000] ACPI: LAPIC_NMI (acpi_id[0x62] high edge lint[0x1])
Feb  1 13:19:50 cu-cs-vm kernel: [    0.000000] ACPI: LAPIC_NMI (acpi_id[0x63] high edge lint[0x1])
Feb  1 13:19:50 cu-cs-vm kernel: [    0.000000] ACPI: LAPIC_NMI (acpi_id[0x64] high edge lint[0x1])
Feb  1 13:19:50 cu-cs-vm kernel: [    0.000000] ACPI: LAPIC_NMI (acpi_id[0x65] high edge lint[0x1])
Feb  1 13:19:50 cu-cs-vm kernel: [    0.000000] ACPI: LAPIC_NMI (acpi_id[0x66] high edge lint[0x1])
Feb  1 13:19:50 cu-cs-vm kernel: [    0.000000] ACPI: LAPIC_NMI (acpi_id[0x67] high edge lint[0x1])
Feb  1 13:19:50 cu-cs-vm kernel: [    0.000000] ACPI: LAPIC_NMI (acpi_id[0x68] high edge lint[0x1])
Feb  1 13:19:50 cu-cs-vm kernel: [    0.000000] ACPI: LAPIC_NMI (acpi_id[0x69] high edge lint[0x1])
Feb  1 13:19:50 cu-cs-vm kernel: [    0.000000] ACPI: LAPIC_NMI (acpi_id[0x6a] high edge lint[0x1])
Feb  1 13:19:50 cu-cs-vm kernel: [    0.000000] ACPI: LAPIC_NMI (acpi_id[0x6b] high edge lint[0x1])
Feb  1 13:19:50 cu-cs-vm kernel: [    0.000000] ACPI: LAPIC_NMI (acpi_id[0x6c] high edge lint[0x1])
Feb  1 13:19:50 cu-cs-vm kernel: [    0.000000] ACPI: LAPIC_NMI (acpi_id[0x6d] high edge lint[0x1])
Feb  1 13:19:50 cu-cs-vm kernel: [    0.000000] ACPI: LAPIC_NMI (acpi_id[0x6e] high edge lint[0x1])
Feb  1 13:19:50 cu-cs-vm kernel: [    0.000000] ACPI: LAPIC_NMI (acpi_id[0x6f] high edge lint[0x1])
Feb  1 13:19:50 cu-cs-vm kernel: [    0.000000] ACPI: LAPIC_NMI (acpi_id[0x70] high edge lint[0x1])
Feb  1 13:19:50 cu-cs-vm kernel: [    0.000000] ACPI: LAPIC_NMI (acpi_id[0x71] high edge lint[0x1])
Feb  1 13:19:50 cu-cs-vm kernel: [    0.000000] ACPI: LAPIC_NMI (acpi_id[0x72] high edge lint[0x1])
Feb  1 13:19:50 cu-cs-vm kernel: [    0.000000] ACPI: LAPIC_NMI (acpi_id[0x73] high edge lint[0x1])
Feb  1 13:19:50 cu-cs-vm kernel: [    0.000000] ACPI: LAPIC_NMI (acpi_id[0x74] high edge lint[0x1])
Feb  1 13:19:50 cu-cs-vm kernel: [    0.000000] ACPI: LAPIC_NMI (acpi_id[0x75] high edge lint[0x1])
Feb  1 13:19:50 cu-cs-vm kernel: [    0.000000] ACPI: LAPIC_NMI (acpi_id[0x76] high edge lint[0x1])
Feb  1 13:19:50 cu-cs-vm kernel: [    0.000000] ACPI: LAPIC_NMI (acpi_id[0x77] high edge lint[0x1])
Feb  1 13:19:50 cu-cs-vm kernel: [    0.000000] ACPI: LAPIC_NMI (acpi_id[0x78] high edge lint[0x1])
Feb  1 13:19:50 cu-cs-vm kernel: [    0.000000] ACPI: LAPIC_NMI (acpi_id[0x79] high edge lint[0x1])
Feb  1 13:19:50 cu-cs-vm kernel: [    0.000000] ACPI: LAPIC_NMI (acpi_id[0x7a] high edge lint[0x1])
Feb  1 13:19:50 cu-cs-vm kernel: [    0.000000] ACPI: LAPIC_NMI (acpi_id[0x7b] high edge lint[0x1])
Feb  1 13:19:50 cu-cs-vm kernel: [    0.000000] ACPI: LAPIC_NMI (acpi_id[0x7c] high edge lint[0x1])
Feb  1 13:19:50 cu-cs-vm kernel: [    0.000000] ACPI: LAPIC_NMI (acpi_id[0x7d] high edge lint[0x1])
Feb  1 13:19:50 cu-cs-vm kernel: [    0.000000] ACPI: LAPIC_NMI (acpi_id[0x7e] high edge lint[0x1])
Feb  1 13:19:50 cu-cs-vm kernel: [    0.000000] ACPI: LAPIC_NMI (acpi_id[0x7f] high edge lint[0x1])
Feb  1 13:19:50 cu-cs-vm kernel: [    0.000000] IOAPIC[0]: apic_id 1, version 17, address 0xfec00000, GSI 0-23
Feb  1 13:19:50 cu-cs-vm kernel: [    0.000000] ACPI: INT_SRC_OVR (bus 0 bus_irq 0 global_irq 2 high edge)
Feb  1 13:19:50 cu-cs-vm kernel: [    0.000000] ACPI: IRQ0 used by override.
Feb  1 13:19:50 cu-cs-vm kernel: [    0.000000] ACPI: IRQ9 used by override.
Feb  1 13:19:50 cu-cs-vm kernel: [    0.000000] Using ACPI (MADT) for SMP configuration information
Feb  1 13:19:50 cu-cs-vm kernel: [    0.000000] smpboot: Allowing 128 CPUs, 126 hotplug CPUs
Feb  1 13:19:50 cu-cs-vm kernel: [    0.000000] PM: Registered nosave memory: [mem 0x00000000-0x00000fff]
Feb  1 13:19:50 cu-cs-vm kernel: [    0.000000] PM: Registered nosave memory: [mem 0x0009e000-0x0009efff]
Feb  1 13:19:50 cu-cs-vm kernel: [    0.000000] PM: Registered nosave memory: [mem 0x0009f000-0x0009ffff]
Feb  1 13:19:50 cu-cs-vm kernel: [    0.000000] PM: Registered nosave memory: [mem 0x000a0000-0x000dbfff]
Feb  1 13:19:50 cu-cs-vm kernel: [    0.000000] PM: Registered nosave memory: [mem 0x000dc000-0x000fffff]
Feb  1 13:19:50 cu-cs-vm kernel: [    0.000000] PM: Registered nosave memory: [mem 0xbfed0000-0xbfefefff]
Feb  1 13:19:50 cu-cs-vm kernel: [    0.000000] PM: Registered nosave memory: [mem 0xbfeff000-0xbfefffff]
Feb  1 13:19:50 cu-cs-vm kernel: [    0.000000] PM: Registered nosave memory: [mem 0xc0000000-0xefffffff]
Feb  1 13:19:50 cu-cs-vm kernel: [    0.000000] PM: Registered nosave memory: [mem 0xf0000000-0xf7ffffff]
Feb  1 13:19:50 cu-cs-vm kernel: [    0.000000] PM: Registered nosave memory: [mem 0xf8000000-0xfebfffff]
Feb  1 13:19:50 cu-cs-vm kernel: [    0.000000] PM: Registered nosave memory: [mem 0xfec00000-0xfec0ffff]
Feb  1 13:19:50 cu-cs-vm kernel: [    0.000000] PM: Registered nosave memory: [mem 0xfec10000-0xfedfffff]
Feb  1 13:19:50 cu-cs-vm kernel: [    0.000000] PM: Registered nosave memory: [mem 0xfee00000-0xfee00fff]
Feb  1 13:19:50 cu-cs-vm kernel: [    0.000000] PM: Registered nosave memory: [mem 0xfee01000-0xfffdffff]
Feb  1 13:19:50 cu-cs-vm kernel: [    0.000000] PM: Registered nosave memory: [mem 0xfffe0000-0xffffffff]
Feb  1 13:19:50 cu-cs-vm kernel: [    0.000000] e820: [mem 0xc0000000-0xefffffff] available for PCI devices
Feb  1 13:19:50 cu-cs-vm kernel: [    0.000000] Booting paravirtualized kernel on VMware hypervisor
Feb  1 13:19:50 cu-cs-vm kernel: [    0.000000] clocksource: refined-jiffies: mask: 0xffffffff max_cycles: 0xffffffff, max_idle_ns: 7645519600211568 ns
Feb  1 13:19:50 cu-cs-vm kernel: [    0.000000] random: get_random_bytes called from start_kernel+0x99/0x51d with crng_init=0
Feb  1 13:19:50 cu-cs-vm kernel: [    0.000000] setup_percpu: NR_CPUS:8192 nr_cpumask_bits:128 nr_cpu_ids:128 nr_node_ids:1
Feb  1 13:19:50 cu-cs-vm kernel: [    0.000000] percpu: Embedded 46 pages/cpu @        (ptrval) s151552 r8192 d28672 u262144
Feb  1 13:19:50 cu-cs-vm kernel: [    0.000000] pcpu-alloc: s151552 r8192 d28672 u262144 alloc=1*2097152
Feb  1 13:19:50 cu-cs-vm kernel: [    0.000000] pcpu-alloc: [0] 000 001 002 003 004 005 006 007 
Feb  1 13:19:50 cu-cs-vm kernel: [    0.000000] pcpu-alloc: [0] 008 009 010 011 012 013 014 015 
Feb  1 13:19:50 cu-cs-vm kernel: [    0.000000] pcpu-alloc: [0] 016 017 018 019 020 021 022 023 
Feb  1 13:19:50 cu-cs-vm kernel: [    0.000000] pcpu-alloc: [0] 024 025 026 027 028 029 030 031 
Feb  1 13:19:50 cu-cs-vm kernel: [    0.000000] pcpu-alloc: [0] 032 033 034 035 036 037 038 039 
Feb  1 13:19:50 cu-cs-vm kernel: [    0.000000] pcpu-alloc: [0] 040 041 042 043 044 045 046 047 
Feb  1 13:19:50 cu-cs-vm kernel: [    0.000000] pcpu-alloc: [0] 048 049 050 051 052 053 054 055 
Feb  1 13:19:50 cu-cs-vm kernel: [    0.000000] pcpu-alloc: [0] 056 057 058 059 060 061 062 063 
Feb  1 13:19:50 cu-cs-vm kernel: [    0.000000] pcpu-alloc: [0] 064 065 066 067 068 069 070 071 
Feb  1 13:19:50 cu-cs-vm kernel: [    0.000000] pcpu-alloc: [0] 072 073 074 075 076 077 078 079 
Feb  1 13:19:50 cu-cs-vm kernel: [    0.000000] pcpu-alloc: [0] 080 081 082 083 084 085 086 087 
Feb  1 13:19:50 cu-cs-vm kernel: [    0.000000] pcpu-alloc: [0] 088 089 090 091 092 093 094 095 
Feb  1 13:19:50 cu-cs-vm kernel: [    0.000000] pcpu-alloc: [0] 096 097 098 099 100 101 102 103 
Feb  1 13:19:50 cu-cs-vm kernel: [    0.000000] pcpu-alloc: [0] 104 105 106 107 108 109 110 111 
Feb  1 13:19:50 cu-cs-vm kernel: [    0.000000] pcpu-alloc: [0] 112 113 114 115 116 117 118 119 
Feb  1 13:19:50 cu-cs-vm kernel: [    0.000000] pcpu-alloc: [0] 120 121 122 123 124 125 126 127 
Feb  1 13:19:50 cu-cs-vm kernel: [    0.000000] Built 1 zonelists, mobility grouping on.  Total pages: 1032024
Feb  1 13:19:50 cu-cs-vm kernel: [    0.000000] Policy zone: Normal
Feb  1 13:19:50 cu-cs-vm kernel: [    0.000000] Kernel command line: BOOT_IMAGE=/boot/vmlinuz-4.15.18MechWarriorSucks root=UUID=a7adc8c1-e02a-478b-93ad-c06e060e0176 ro
Feb  1 13:19:50 cu-cs-vm kernel: [    0.000000] log_buf_len individual max cpu contribution: 4096 bytes
Feb  1 13:19:50 cu-cs-vm kernel: [    0.000000] log_buf_len total cpu_extra contributions: 520192 bytes
Feb  1 13:19:50 cu-cs-vm kernel: [    0.000000] log_buf_len min size: 262144 bytes
Feb  1 13:19:50 cu-cs-vm kernel: [    0.000000] log_buf_len: 1048576 bytes
Feb  1 13:19:50 cu-cs-vm kernel: [    0.000000] early log buf free: 235732(89%)
Feb  1 13:19:50 cu-cs-vm kernel: [    0.000000] Calgary: detecting Calgary via BIOS EBDA area
Feb  1 13:19:50 cu-cs-vm kernel: [    0.000000] Calgary: Unable to locate Rio Grande table in EBDA - bailing!
Feb  1 13:19:50 cu-cs-vm kernel: [    0.000000] Memory: 3568884K/4193716K available (12300K kernel code, 2470K rwdata, 4204K rodata, 2408K init, 2416K bss, 624832K reserved, 0K cma-reserved)
Feb  1 13:19:50 cu-cs-vm kernel: [    0.000000] SLUB: HWalign=64, Order=0-3, MinObjects=0, CPUs=128, Nodes=1
Feb  1 13:19:50 cu-cs-vm kernel: [    0.000000] Kernel/User page tables isolation: enabled
Feb  1 13:19:50 cu-cs-vm kernel: [    0.000000] ftrace: allocating 39036 entries in 153 pages
Feb  1 13:19:50 cu-cs-vm kernel: [    0.004000] Hierarchical RCU implementation.
Feb  1 13:19:50 cu-cs-vm kernel: [    0.004000] 	RCU restricting CPUs from NR_CPUS=8192 to nr_cpu_ids=128.
Feb  1 13:19:50 cu-cs-vm kernel: [    0.004000] 	Tasks RCU enabled.
Feb  1 13:19:50 cu-cs-vm kernel: [    0.004000] RCU: Adjusting geometry for rcu_fanout_leaf=16, nr_cpu_ids=128
Feb  1 13:19:50 cu-cs-vm kernel: [    0.004000] NR_IRQS: 524544, nr_irqs: 1448, preallocated irqs: 16
Feb  1 13:19:50 cu-cs-vm kernel: [    0.004000] Console: colour VGA+ 80x25
Feb  1 13:19:50 cu-cs-vm kernel: [    0.004000] console [tty0] enabled
Feb  1 13:19:50 cu-cs-vm kernel: [    0.004000] ACPI: Core revision 20170831
Feb  1 13:19:50 cu-cs-vm kernel: [    0.004000] ACPI: 1 ACPI AML tables successfully acquired and loaded
Feb  1 13:19:50 cu-cs-vm kernel: [    0.004008] APIC: Switch to symmetric I/O mode setup
Feb  1 13:19:50 cu-cs-vm kernel: [    0.004522] x2apic enabled
Feb  1 13:19:50 cu-cs-vm kernel: [    0.004894] Switched APIC routing to physical x2apic.
Feb  1 13:19:50 cu-cs-vm kernel: [    0.006181] ..TIMER: vector=0x30 apic1=0 pin1=2 apic2=-1 pin2=-1
Feb  1 13:19:50 cu-cs-vm kernel: [    0.006384] tsc: Detected 2807.988 MHz processor
Feb  1 13:19:50 cu-cs-vm kernel: [    0.006513] Calibrating delay loop (skipped) preset value.. 5615.97 BogoMIPS (lpj=11231952)
Feb  1 13:19:50 cu-cs-vm kernel: [    0.006513] pid_max: default: 131072 minimum: 1024
Feb  1 13:19:50 cu-cs-vm kernel: [    0.006513] Security Framework initialized
Feb  1 13:19:50 cu-cs-vm kernel: [    0.006513] Yama: becoming mindful.
Feb  1 13:19:50 cu-cs-vm kernel: [    0.018169] AppArmor: AppArmor initialized
Feb  1 13:19:50 cu-cs-vm kernel: [    0.019606] Dentry cache hash table entries: 524288 (order: 10, 4194304 bytes)
Feb  1 13:19:50 cu-cs-vm kernel: [    0.020505] Inode-cache hash table entries: 262144 (order: 9, 2097152 bytes)
Feb  1 13:19:50 cu-cs-vm kernel: [    0.020764] Mount-cache hash table entries: 8192 (order: 4, 65536 bytes)
Feb  1 13:19:50 cu-cs-vm kernel: [    0.021246] Mountpoint-cache hash table entries: 8192 (order: 4, 65536 bytes)
Feb  1 13:19:50 cu-cs-vm kernel: [    0.022351] Disabled fast string operations
Feb  1 13:19:50 cu-cs-vm kernel: [    0.022487] mce: CPU supports 0 MCE banks
Feb  1 13:19:50 cu-cs-vm kernel: [    0.022607] Last level iTLB entries: 4KB 64, 2MB 8, 4MB 8
Feb  1 13:19:50 cu-cs-vm kernel: [    0.022756] Last level dTLB entries: 4KB 64, 2MB 0, 4MB 0, 1GB 4
Feb  1 13:19:50 cu-cs-vm kernel: [    0.022922] Spectre V2 : Mitigation: Full generic retpoline
Feb  1 13:19:50 cu-cs-vm kernel: [    0.023152] Spectre V2 : Spectre v2 / SpectreRSB mitigation: Filling RSB on context switch
Feb  1 13:19:50 cu-cs-vm kernel: [    0.023379] Spectre V2 : Spectre v2 mitigation: Enabling Indirect Branch Prediction Barrier
Feb  1 13:19:50 cu-cs-vm kernel: [    0.023609] Spectre V2 : Enabling Restricted Speculation for firmware calls
Feb  1 13:19:50 cu-cs-vm kernel: [    0.024002] Speculative Store Bypass: Vulnerable
Feb  1 13:19:50 cu-cs-vm kernel: [    0.029812] Freeing SMP alternatives memory: 36K
Feb  1 13:19:50 cu-cs-vm kernel: [    0.033103] TSC deadline timer enabled
Feb  1 13:19:50 cu-cs-vm kernel: [    0.033113] smpboot: CPU0: Intel(R) Core(TM) i7-7700HQ CPU @ 2.80GHz (family: 0x6, model: 0x9e, stepping: 0x9)
Feb  1 13:19:50 cu-cs-vm kernel: [    0.033879] Performance Events: Skylake events, core PMU driver.
Feb  1 13:19:50 cu-cs-vm kernel: [    0.034098] core: CPUID marked event: 'cpu cycles' unavailable
Feb  1 13:19:50 cu-cs-vm kernel: [    0.034265] core: CPUID marked event: 'instructions' unavailable
Feb  1 13:19:50 cu-cs-vm kernel: [    0.034436] core: CPUID marked event: 'bus cycles' unavailable
Feb  1 13:19:50 cu-cs-vm kernel: [    0.034604] core: CPUID marked event: 'cache references' unavailable
Feb  1 13:19:50 cu-cs-vm kernel: [    0.034787] core: CPUID marked event: 'cache misses' unavailable
Feb  1 13:19:50 cu-cs-vm kernel: [    0.035015] core: CPUID marked event: 'branch instructions' unavailable
Feb  1 13:19:50 cu-cs-vm kernel: [    0.035206] core: CPUID marked event: 'branch misses' unavailable
Feb  1 13:19:50 cu-cs-vm kernel: [    0.035383] ... version:                1
Feb  1 13:19:50 cu-cs-vm kernel: [    0.035499] ... bit width:              48
Feb  1 13:19:50 cu-cs-vm kernel: [    0.035616] ... generic registers:      4
Feb  1 13:19:50 cu-cs-vm kernel: [    0.035732] ... value mask:             0000ffffffffffff
Feb  1 13:19:50 cu-cs-vm kernel: [    0.035900] ... max period:             000000007fffffff
Feb  1 13:19:50 cu-cs-vm kernel: [    0.036000] ... fixed-purpose events:   0
Feb  1 13:19:50 cu-cs-vm kernel: [    0.036000] ... event mask:             000000000000000f
Feb  1 13:19:50 cu-cs-vm kernel: [    0.036000] Hierarchical SRCU implementation.
Feb  1 13:19:50 cu-cs-vm kernel: [    0.036579] NMI watchdog: Perf event create on CPU 0 failed with -2
Feb  1 13:19:50 cu-cs-vm kernel: [    0.036779] NMI watchdog: Perf NMI watchdog permanently disabled
Feb  1 13:19:50 cu-cs-vm kernel: [    0.068859] smp: Bringing up secondary CPUs ...
Feb  1 13:19:50 cu-cs-vm kernel: [    0.069714] x86: Booting SMP configuration:
Feb  1 13:19:50 cu-cs-vm kernel: [    0.069838] .... node  #0, CPUs:          #1
Feb  1 13:19:50 cu-cs-vm kernel: [    0.004000] Disabled fast string operations
Feb  1 13:19:50 cu-cs-vm kernel: [    0.004000] mce: CPU supports 0 MCE banks
Feb  1 13:19:50 cu-cs-vm kernel: [    0.004000] smpboot: CPU 1 Converting physical 2 to logical package 1
Feb  1 13:19:50 cu-cs-vm kernel: [    0.070693] smp: Brought up 1 node, 2 CPUs
Feb  1 13:19:50 cu-cs-vm kernel: [    0.070693] smpboot: Max logical packages: 128
Feb  1 13:19:50 cu-cs-vm kernel: [    0.070693] smpboot: Total of 2 processors activated (11231.95 BogoMIPS)
Feb  1 13:19:50 cu-cs-vm kernel: [    0.072614] devtmpfs: initialized
Feb  1 13:19:50 cu-cs-vm kernel: [    0.072614] x86/mm: Memory block size: 128MB
Feb  1 13:19:50 cu-cs-vm kernel: [    0.072711] evm: security.selinux
Feb  1 13:19:50 cu-cs-vm kernel: [    0.072739] evm: security.SMACK64
Feb  1 13:19:50 cu-cs-vm kernel: [    0.072765] evm: security.SMACK64EXEC
Feb  1 13:19:50 cu-cs-vm kernel: [    0.072792] evm: security.SMACK64TRANSMUTE
Feb  1 13:19:50 cu-cs-vm kernel: [    0.072820] evm: security.SMACK64MMAP
Feb  1 13:19:50 cu-cs-vm kernel: [    0.072846] evm: security.apparmor
Feb  1 13:19:50 cu-cs-vm kernel: [    0.072870] evm: security.ima
Feb  1 13:19:50 cu-cs-vm kernel: [    0.072913] evm: security.capability
Feb  1 13:19:50 cu-cs-vm kernel: [    0.073478] PM: Registering ACPI NVS region [mem 0xbfeff000-0xbfefffff] (4096 bytes)
Feb  1 13:19:50 cu-cs-vm kernel: [    0.073478] clocksource: jiffies: mask: 0xffffffff max_cycles: 0xffffffff, max_idle_ns: 7645041785100000 ns
Feb  1 13:19:50 cu-cs-vm kernel: [    0.073478] futex hash table entries: 32768 (order: 9, 2097152 bytes)
Feb  1 13:19:50 cu-cs-vm kernel: [    0.073478] pinctrl core: initialized pinctrl subsystem
Feb  1 13:19:50 cu-cs-vm kernel: [    0.073478] RTC time: 20:19:38, date: 02/01/19
Feb  1 13:19:50 cu-cs-vm kernel: [    0.077225] NET: Registered protocol family 16
Feb  1 13:19:50 cu-cs-vm kernel: [    0.077307] audit: initializing netlink subsys (disabled)
Feb  1 13:19:50 cu-cs-vm kernel: [    0.077388] audit: type=2000 audit(1549052378.076:1): state=initialized audit_enabled=0 res=1
Feb  1 13:19:50 cu-cs-vm kernel: [    0.077388] cpuidle: using governor ladder
Feb  1 13:19:50 cu-cs-vm kernel: [    0.077388] cpuidle: using governor menu
Feb  1 13:19:50 cu-cs-vm kernel: [    0.077388] Simple Boot Flag at 0x36 set to 0x80
Feb  1 13:19:50 cu-cs-vm kernel: [    0.077388] ACPI: bus type PCI registered
Feb  1 13:19:50 cu-cs-vm kernel: [    0.077388] acpiphp: ACPI Hot Plug PCI Controller Driver version: 0.5
Feb  1 13:19:50 cu-cs-vm kernel: [    0.077388] PCI: MMCONFIG for domain 0000 [bus 00-7f] at [mem 0xf0000000-0xf7ffffff] (base 0xf0000000)
Feb  1 13:19:50 cu-cs-vm kernel: [    0.077388] PCI: MMCONFIG at [mem 0xf0000000-0xf7ffffff] reserved in E820
Feb  1 13:19:50 cu-cs-vm kernel: [    0.077388] PCI: Using configuration type 1 for base access
Feb  1 13:19:50 cu-cs-vm kernel: [    0.080610] HugeTLB registered 1.00 GiB page size, pre-allocated 0 pages
Feb  1 13:19:50 cu-cs-vm kernel: [    0.080610] HugeTLB registered 2.00 MiB page size, pre-allocated 0 pages
Feb  1 13:19:50 cu-cs-vm kernel: [    0.080981] ACPI: Added _OSI(Module Device)
Feb  1 13:19:50 cu-cs-vm kernel: [    0.080981] ACPI: Added _OSI(Processor Device)
Feb  1 13:19:50 cu-cs-vm kernel: [    0.080981] ACPI: Added _OSI(3.0 _SCP Extensions)
Feb  1 13:19:50 cu-cs-vm kernel: [    0.080981] ACPI: Added _OSI(Processor Aggregator Device)
Feb  1 13:19:50 cu-cs-vm kernel: [    0.080981] ACPI: Added _OSI(Linux-Dell-Video)
Feb  1 13:19:50 cu-cs-vm kernel: [    0.080981] ACPI: Added _OSI(Linux-Lenovo-NV-HDMI-Audio)
Feb  1 13:19:50 cu-cs-vm kernel: [    0.089750] ACPI: [Firmware Bug]: BIOS _OSI(Linux) query ignored
Feb  1 13:19:50 cu-cs-vm kernel: [    0.116044] ACPI: Interpreter enabled
Feb  1 13:19:50 cu-cs-vm kernel: [    0.116088] ACPI: (supports S0 S1 S4 S5)
Feb  1 13:19:50 cu-cs-vm kernel: [    0.116115] ACPI: Using IOAPIC for interrupt routing
Feb  1 13:19:50 cu-cs-vm kernel: [    0.116168] PCI: Using host bridge windows from ACPI; if necessary, use "pci=nocrs" and report a bug
Feb  1 13:19:50 cu-cs-vm kernel: [    0.117672] ACPI: Enabled 4 GPEs in block 00 to 0F
Feb  1 13:19:50 cu-cs-vm kernel: [    0.342287] ACPI: PCI Root Bridge [PCI0] (domain 0000 [bus 00-7f])
Feb  1 13:19:50 cu-cs-vm kernel: [    0.342335] acpi PNP0A03:00: _OSC: OS supports [ExtendedConfig ASPM ClockPM Segments MSI]
Feb  1 13:19:50 cu-cs-vm kernel: [    0.342563] acpi PNP0A03:00: _OSC: platform does not support [AER]
Feb  1 13:19:50 cu-cs-vm kernel: [    0.342812] acpi PNP0A03:00: _OSC: OS now controls [PCIeHotplug PME PCIeCapability]
Feb  1 13:19:50 cu-cs-vm kernel: [    0.344871] PCI host bridge to bus 0000:00
Feb  1 13:19:50 cu-cs-vm kernel: [    0.344903] pci_bus 0000:00: root bus resource [mem 0x000a0000-0x000bffff window]
Feb  1 13:19:50 cu-cs-vm kernel: [    0.344948] pci_bus 0000:00: root bus resource [mem 0x000cc000-0x000cffff window]
Feb  1 13:19:50 cu-cs-vm kernel: [    0.344993] pci_bus 0000:00: root bus resource [mem 0x000d0000-0x000d3fff window]
Feb  1 13:19:50 cu-cs-vm kernel: [    0.345038] pci_bus 0000:00: root bus resource [mem 0x000d4000-0x000d7fff window]
Feb  1 13:19:50 cu-cs-vm kernel: [    0.345082] pci_bus 0000:00: root bus resource [mem 0x000d8000-0x000dbfff window]
Feb  1 13:19:50 cu-cs-vm kernel: [    0.345156] pci_bus 0000:00: root bus resource [mem 0xc0000000-0xfebfffff window]
Feb  1 13:19:50 cu-cs-vm kernel: [    0.345236] pci_bus 0000:00: root bus resource [io  0x0000-0x0cf7 window]
Feb  1 13:19:50 cu-cs-vm kernel: [    0.345278] pci_bus 0000:00: root bus resource [io  0x0d00-0xfeff window]
Feb  1 13:19:50 cu-cs-vm kernel: [    0.345331] pci_bus 0000:00: root bus resource [bus 00-7f]
Feb  1 13:19:50 cu-cs-vm kernel: [    0.345410] pci 0000:00:00.0: [8086:7190] type 00 class 0x060000
Feb  1 13:19:50 cu-cs-vm kernel: [    0.345992] pci 0000:00:01.0: [8086:7191] type 01 class 0x060400
Feb  1 13:19:50 cu-cs-vm kernel: [    0.346491] pci 0000:00:07.0: [8086:7110] type 00 class 0x060100
Feb  1 13:19:50 cu-cs-vm kernel: [    0.347158] pci 0000:00:07.1: [8086:7111] type 00 class 0x01018a
Feb  1 13:19:50 cu-cs-vm kernel: [    0.348724] pci 0000:00:07.1: reg 0x20: [io  0x1060-0x106f]
Feb  1 13:19:50 cu-cs-vm kernel: [    0.349136] pci 0000:00:07.1: legacy IDE quirk: reg 0x10: [io  0x01f0-0x01f7]
Feb  1 13:19:50 cu-cs-vm kernel: [    0.349182] pci 0000:00:07.1: legacy IDE quirk: reg 0x14: [io  0x03f6]
Feb  1 13:19:50 cu-cs-vm kernel: [    0.349222] pci 0000:00:07.1: legacy IDE quirk: reg 0x18: [io  0x0170-0x0177]
Feb  1 13:19:50 cu-cs-vm kernel: [    0.349265] pci 0000:00:07.1: legacy IDE quirk: reg 0x1c: [io  0x0376]
Feb  1 13:19:50 cu-cs-vm kernel: [    0.349521] pci 0000:00:07.3: [8086:7113] type 00 class 0x068000
Feb  1 13:19:50 cu-cs-vm kernel: [    0.350903] pci 0000:00:07.3: quirk: [io  0x1000-0x103f] claimed by PIIX4 ACPI
Feb  1 13:19:50 cu-cs-vm kernel: [    0.350961] pci 0000:00:07.3: quirk: [io  0x1040-0x104f] claimed by PIIX4 SMB
Feb  1 13:19:50 cu-cs-vm kernel: [    0.351305] pci 0000:00:07.7: [15ad:0740] type 00 class 0x088000
Feb  1 13:19:50 cu-cs-vm kernel: [    0.352004] pci 0000:00:07.7: reg 0x10: [io  0x1080-0x10bf]
Feb  1 13:19:50 cu-cs-vm kernel: [    0.352765] pci 0000:00:07.7: reg 0x14: [mem 0xfebfe000-0xfebfffff 64bit]
Feb  1 13:19:50 cu-cs-vm kernel: [    0.355354] pci 0000:00:0f.0: [15ad:0405] type 00 class 0x030000
Feb  1 13:19:50 cu-cs-vm kernel: [    0.356748] pci 0000:00:0f.0: reg 0x10: [io  0x1070-0x107f]
Feb  1 13:19:50 cu-cs-vm kernel: [    0.358617] pci 0000:00:0f.0: reg 0x14: [mem 0xe8000000-0xefffffff pref]
Feb  1 13:19:50 cu-cs-vm kernel: [    0.360965] pci 0000:00:0f.0: reg 0x18: [mem 0xfe000000-0xfe7fffff]
Feb  1 13:19:50 cu-cs-vm kernel: [    0.367960] pci 0000:00:0f.0: reg 0x30: [mem 0x00000000-0x00007fff pref]
Feb  1 13:19:50 cu-cs-vm kernel: [    0.368484] pci 0000:00:10.0: [1000:0030] type 00 class 0x010000
Feb  1 13:19:50 cu-cs-vm kernel: [    0.369523] pci 0000:00:10.0: reg 0x10: [io  0x1400-0x14ff]
Feb  1 13:19:50 cu-cs-vm kernel: [    0.370489] pci 0000:00:10.0: reg 0x14: [mem 0xfeba0000-0xfebbffff 64bit]
Feb  1 13:19:50 cu-cs-vm kernel: [    0.371442] pci 0000:00:10.0: reg 0x1c: [mem 0xfebc0000-0xfebdffff 64bit]
Feb  1 13:19:50 cu-cs-vm kernel: [    0.372866] pci 0000:00:10.0: reg 0x30: [mem 0x00000000-0x00003fff pref]
Feb  1 13:19:50 cu-cs-vm kernel: [    0.373234] pci 0000:00:11.0: [15ad:0790] type 01 class 0x060401
Feb  1 13:19:50 cu-cs-vm kernel: [    0.373923] pci 0000:00:15.0: [15ad:07a0] type 01 class 0x060400
Feb  1 13:19:50 cu-cs-vm kernel: [    0.374580] pci 0000:00:15.0: PME# supported from D0 D3hot D3cold
Feb  1 13:19:50 cu-cs-vm kernel: [    0.374868] pci 0000:00:15.1: [15ad:07a0] type 01 class 0x060400
Feb  1 13:19:50 cu-cs-vm kernel: [    0.375528] pci 0000:00:15.1: PME# supported from D0 D3hot D3cold
Feb  1 13:19:50 cu-cs-vm kernel: [    0.375814] pci 0000:00:15.2: [15ad:07a0] type 01 class 0x060400
Feb  1 13:19:50 cu-cs-vm kernel: [    0.376474] pci 0000:00:15.2: PME# supported from D0 D3hot D3cold
Feb  1 13:19:50 cu-cs-vm kernel: [    0.376775] pci 0000:00:15.3: [15ad:07a0] type 01 class 0x060400
Feb  1 13:19:50 cu-cs-vm kernel: [    0.377393] pci 0000:00:15.3: PME# supported from D0 D3hot D3cold
Feb  1 13:19:50 cu-cs-vm kernel: [    0.377708] pci 0000:00:15.4: [15ad:07a0] type 01 class 0x060400
Feb  1 13:19:50 cu-cs-vm kernel: [    0.378329] pci 0000:00:15.4: PME# supported from D0 D3hot D3cold
Feb  1 13:19:50 cu-cs-vm kernel: [    0.378649] pci 0000:00:15.5: [15ad:07a0] type 01 class 0x060400
Feb  1 13:19:50 cu-cs-vm kernel: [    0.379270] pci 0000:00:15.5: PME# supported from D0 D3hot D3cold
Feb  1 13:19:50 cu-cs-vm kernel: [    0.379545] pci 0000:00:15.6: [15ad:07a0] type 01 class 0x060400
Feb  1 13:19:50 cu-cs-vm kernel: [    0.380161] pci 0000:00:15.6: PME# supported from D0 D3hot D3cold
Feb  1 13:19:50 cu-cs-vm kernel: [    0.380437] pci 0000:00:15.7: [15ad:07a0] type 01 class 0x060400
Feb  1 13:19:50 cu-cs-vm kernel: [    0.381058] pci 0000:00:15.7: PME# supported from D0 D3hot D3cold
Feb  1 13:19:50 cu-cs-vm kernel: [    0.381328] pci 0000:00:16.0: [15ad:07a0] type 01 class 0x060400
Feb  1 13:19:50 cu-cs-vm kernel: [    0.381983] pci 0000:00:16.0: PME# supported from D0 D3hot D3cold
Feb  1 13:19:50 cu-cs-vm kernel: [    0.382253] pci 0000:00:16.1: [15ad:07a0] type 01 class 0x060400
Feb  1 13:19:50 cu-cs-vm kernel: [    0.382944] pci 0000:00:16.1: PME# supported from D0 D3hot D3cold
Feb  1 13:19:50 cu-cs-vm kernel: [    0.383217] pci 0000:00:16.2: [15ad:07a0] type 01 class 0x060400
Feb  1 13:19:50 cu-cs-vm kernel: [    0.383942] pci 0000:00:16.2: PME# supported from D0 D3hot D3cold
Feb  1 13:19:50 cu-cs-vm kernel: [    0.384334] pci 0000:00:16.3: [15ad:07a0] type 01 class 0x060400
Feb  1 13:19:50 cu-cs-vm kernel: [    0.385009] pci 0000:00:16.3: PME# supported from D0 D3hot D3cold
Feb  1 13:19:50 cu-cs-vm kernel: [    0.385281] pci 0000:00:16.4: [15ad:07a0] type 01 class 0x060400
Feb  1 13:19:50 cu-cs-vm kernel: [    0.385903] pci 0000:00:16.4: PME# supported from D0 D3hot D3cold
Feb  1 13:19:50 cu-cs-vm kernel: [    0.386170] pci 0000:00:16.5: [15ad:07a0] type 01 class 0x060400
Feb  1 13:19:50 cu-cs-vm kernel: [    0.386887] pci 0000:00:16.5: PME# supported from D0 D3hot D3cold
Feb  1 13:19:50 cu-cs-vm kernel: [    0.387157] pci 0000:00:16.6: [15ad:07a0] type 01 class 0x060400
Feb  1 13:19:50 cu-cs-vm kernel: [    0.387814] pci 0000:00:16.6: PME# supported from D0 D3hot D3cold
Feb  1 13:19:50 cu-cs-vm kernel: [    0.388077] pci 0000:00:16.7: [15ad:07a0] type 01 class 0x060400
Feb  1 13:19:50 cu-cs-vm kernel: [    0.388732] pci 0000:00:16.7: PME# supported from D0 D3hot D3cold
Feb  1 13:19:50 cu-cs-vm kernel: [    0.389003] pci 0000:00:17.0: [15ad:07a0] type 01 class 0x060400
Feb  1 13:19:50 cu-cs-vm kernel: [    0.389642] pci 0000:00:17.0: PME# supported from D0 D3hot D3cold
Feb  1 13:19:50 cu-cs-vm kernel: [    0.389912] pci 0000:00:17.1: [15ad:07a0] type 01 class 0x060400
Feb  1 13:19:50 cu-cs-vm kernel: [    0.390539] pci 0000:00:17.1: PME# supported from D0 D3hot D3cold
Feb  1 13:19:50 cu-cs-vm kernel: [    0.390809] pci 0000:00:17.2: [15ad:07a0] type 01 class 0x060400
Feb  1 13:19:50 cu-cs-vm kernel: [    0.391470] pci 0000:00:17.2: PME# supported from D0 D3hot D3cold
Feb  1 13:19:50 cu-cs-vm kernel: [    0.391745] pci 0000:00:17.3: [15ad:07a0] type 01 class 0x060400
Feb  1 13:19:50 cu-cs-vm kernel: [    0.392370] pci 0000:00:17.3: PME# supported from D0 D3hot D3cold
Feb  1 13:19:50 cu-cs-vm kernel: [    0.392709] pci 0000:00:17.4: [15ad:07a0] type 01 class 0x060400
Feb  1 13:19:50 cu-cs-vm kernel: [    0.393328] pci 0000:00:17.4: PME# supported from D0 D3hot D3cold
Feb  1 13:19:50 cu-cs-vm kernel: [    0.393602] pci 0000:00:17.5: [15ad:07a0] type 01 class 0x060400
Feb  1 13:19:50 cu-cs-vm kernel: [    0.394220] pci 0000:00:17.5: PME# supported from D0 D3hot D3cold
Feb  1 13:19:50 cu-cs-vm kernel: [    0.394499] pci 0000:00:17.6: [15ad:07a0] type 01 class 0x060400
Feb  1 13:19:50 cu-cs-vm kernel: [    0.395117] pci 0000:00:17.6: PME# supported from D0 D3hot D3cold
Feb  1 13:19:50 cu-cs-vm kernel: [    0.395418] pci 0000:00:17.7: [15ad:07a0] type 01 class 0x060400
Feb  1 13:19:50 cu-cs-vm kernel: [    0.396051] pci 0000:00:17.7: PME# supported from D0 D3hot D3cold
Feb  1 13:19:50 cu-cs-vm kernel: [    0.396322] pci 0000:00:18.0: [15ad:07a0] type 01 class 0x060400
Feb  1 13:19:50 cu-cs-vm kernel: [    0.396983] pci 0000:00:18.0: PME# supported from D0 D3hot D3cold
Feb  1 13:19:50 cu-cs-vm kernel: [    0.397253] pci 0000:00:18.1: [15ad:07a0] type 01 class 0x060400
Feb  1 13:19:50 cu-cs-vm kernel: [    0.397910] pci 0000:00:18.1: PME# supported from D0 D3hot D3cold
Feb  1 13:19:50 cu-cs-vm kernel: [    0.398181] pci 0000:00:18.2: [15ad:07a0] type 01 class 0x060400
Feb  1 13:19:50 cu-cs-vm kernel: [    0.398838] pci 0000:00:18.2: PME# supported from D0 D3hot D3cold
Feb  1 13:19:50 cu-cs-vm kernel: [    0.399395] pci 0000:00:18.3: [15ad:07a0] type 01 class 0x060400
Feb  1 13:19:50 cu-cs-vm kernel: [    0.400028] pci 0000:00:18.3: PME# supported from D0 D3hot D3cold
Feb  1 13:19:50 cu-cs-vm kernel: [    0.400411] pci 0000:00:18.4: [15ad:07a0] type 01 class 0x060400
Feb  1 13:19:50 cu-cs-vm kernel: [    0.401092] pci 0000:00:18.4: PME# supported from D0 D3hot D3cold
Feb  1 13:19:50 cu-cs-vm kernel: [    0.401371] pci 0000:00:18.5: [15ad:07a0] type 01 class 0x060400
Feb  1 13:19:50 cu-cs-vm kernel: [    0.401993] pci 0000:00:18.5: PME# supported from D0 D3hot D3cold
Feb  1 13:19:50 cu-cs-vm kernel: [    0.402263] pci 0000:00:18.6: [15ad:07a0] type 01 class 0x060400
Feb  1 13:19:50 cu-cs-vm kernel: [    0.402997] pci 0000:00:18.6: PME# supported from D0 D3hot D3cold
Feb  1 13:19:50 cu-cs-vm kernel: [    0.403268] pci 0000:00:18.7: [15ad:07a0] type 01 class 0x060400
Feb  1 13:19:50 cu-cs-vm kernel: [    0.403929] pci 0000:00:18.7: PME# supported from D0 D3hot D3cold
Feb  1 13:19:50 cu-cs-vm kernel: [    0.404700] pci 0000:00:01.0: PCI bridge to [bus 01]
Feb  1 13:19:50 cu-cs-vm kernel: [    0.405753] acpiphp: Slot [32] registered
Feb  1 13:19:50 cu-cs-vm kernel: [    0.405822] acpiphp: Slot [33] registered
Feb  1 13:19:50 cu-cs-vm kernel: [    0.405886] acpiphp: Slot [34] registered
Feb  1 13:19:50 cu-cs-vm kernel: [    0.405950] acpiphp: Slot [35] registered
Feb  1 13:19:50 cu-cs-vm kernel: [    0.406013] acpiphp: Slot [36] registered
Feb  1 13:19:50 cu-cs-vm kernel: [    0.406077] acpiphp: Slot [37] registered
Feb  1 13:19:50 cu-cs-vm kernel: [    0.406141] acpiphp: Slot [38] registered
Feb  1 13:19:50 cu-cs-vm kernel: [    0.406204] acpiphp: Slot [39] registered
Feb  1 13:19:50 cu-cs-vm kernel: [    0.406268] acpiphp: Slot [40] registered
Feb  1 13:19:50 cu-cs-vm kernel: [    0.406413] acpiphp: Slot [41] registered
Feb  1 13:19:50 cu-cs-vm kernel: [    0.406479] acpiphp: Slot [42] registered
Feb  1 13:19:50 cu-cs-vm kernel: [    0.406542] acpiphp: Slot [43] registered
Feb  1 13:19:50 cu-cs-vm kernel: [    0.406605] acpiphp: Slot [44] registered
Feb  1 13:19:50 cu-cs-vm kernel: [    0.406668] acpiphp: Slot [45] registered
Feb  1 13:19:50 cu-cs-vm kernel: [    0.406732] acpiphp: Slot [46] registered
Feb  1 13:19:50 cu-cs-vm kernel: [    0.406818] acpiphp: Slot [47] registered
Feb  1 13:19:50 cu-cs-vm kernel: [    0.406883] acpiphp: Slot [48] registered
Feb  1 13:19:50 cu-cs-vm kernel: [    0.406946] acpiphp: Slot [49] registered
Feb  1 13:19:50 cu-cs-vm kernel: [    0.407009] acpiphp: Slot [50] registered
Feb  1 13:19:50 cu-cs-vm kernel: [    0.407072] acpiphp: Slot [51] registered
Feb  1 13:19:50 cu-cs-vm kernel: [    0.407135] acpiphp: Slot [52] registered
Feb  1 13:19:50 cu-cs-vm kernel: [    0.407202] acpiphp: Slot [53] registered
Feb  1 13:19:50 cu-cs-vm kernel: [    0.407266] acpiphp: Slot [54] registered
Feb  1 13:19:50 cu-cs-vm kernel: [    0.407368] acpiphp: Slot [55] registered
Feb  1 13:19:50 cu-cs-vm kernel: [    0.407461] acpiphp: Slot [56] registered
Feb  1 13:19:50 cu-cs-vm kernel: [    0.407524] acpiphp: Slot [57] registered
Feb  1 13:19:50 cu-cs-vm kernel: [    0.407588] acpiphp: Slot [58] registered
Feb  1 13:19:50 cu-cs-vm kernel: [    0.407654] acpiphp: Slot [59] registered
Feb  1 13:19:50 cu-cs-vm kernel: [    0.407717] acpiphp: Slot [60] registered
Feb  1 13:19:50 cu-cs-vm kernel: [    0.407780] acpiphp: Slot [61] registered
Feb  1 13:19:50 cu-cs-vm kernel: [    0.407844] acpiphp: Slot [62] registered
Feb  1 13:19:50 cu-cs-vm kernel: [    0.408030] acpiphp: Slot [63] registered
Feb  1 13:19:50 cu-cs-vm kernel: [    0.408125] pci 0000:02:00.0: [15ad:0774] type 00 class 0x0c0300
Feb  1 13:19:50 cu-cs-vm kernel: [    0.409820] pci 0000:02:00.0: reg 0x20: [io  0x2040-0x205f]
Feb  1 13:19:50 cu-cs-vm kernel: [    0.410755] pci 0000:02:01.0: [8086:100f] type 00 class 0x020000
Feb  1 13:19:50 cu-cs-vm kernel: [    0.411851] pci 0000:02:01.0: reg 0x10: [mem 0xfd5c0000-0xfd5dffff 64bit]
Feb  1 13:19:50 cu-cs-vm kernel: [    0.412501] pci 0000:02:01.0: reg 0x18: [mem 0xfdff0000-0xfdffffff 64bit]
Feb  1 13:19:50 cu-cs-vm kernel: [    0.413444] pci 0000:02:01.0: reg 0x20: [io  0x2000-0x203f]
Feb  1 13:19:50 cu-cs-vm kernel: [    0.415304] pci 0000:02:01.0: reg 0x30: [mem 0x00000000-0x0000ffff pref]
Feb  1 13:19:50 cu-cs-vm kernel: [    0.415570] pci 0000:02:01.0: PME# supported from D0 D3hot D3cold
Feb  1 13:19:50 cu-cs-vm kernel: [    0.415791] pci 0000:02:02.0: [15ad:0770] type 00 class 0x0c0320
Feb  1 13:19:50 cu-cs-vm kernel: [    0.416224] pci 0000:02:02.0: reg 0x10: [mem 0xfd5ef000-0xfd5effff]
Feb  1 13:19:50 cu-cs-vm kernel: [    0.419891] pci 0000:02:04.0: [15ad:07e0] type 00 class 0x010601
Feb  1 13:19:50 cu-cs-vm kernel: [    0.422527] pci 0000:02:04.0: reg 0x24: [mem 0xfd5ee000-0xfd5eefff]
Feb  1 13:19:50 cu-cs-vm kernel: [    0.423058] pci 0000:02:04.0: reg 0x30: [mem 0x00000000-0x0000ffff pref]
Feb  1 13:19:50 cu-cs-vm kernel: [    0.423435] pci 0000:02:04.0: PME# supported from D3hot
Feb  1 13:19:50 cu-cs-vm kernel: [    0.423864] pci 0000:00:11.0: PCI bridge to [bus 02] (subtractive decode)
Feb  1 13:19:50 cu-cs-vm kernel: [    0.423944] pci 0000:00:11.0:   bridge window [io  0x2000-0x3fff]
Feb  1 13:19:50 cu-cs-vm kernel: [    0.423962] pci 0000:00:11.0:   bridge window [mem 0xfd500000-0xfdffffff]
Feb  1 13:19:50 cu-cs-vm kernel: [    0.423997] pci 0000:00:11.0:   bridge window [mem 0xe7b00000-0xe7ffffff 64bit pref]
Feb  1 13:19:50 cu-cs-vm kernel: [    0.423998] pci 0000:00:11.0:   bridge window [mem 0x000a0000-0x000bffff window] (subtractive decode)
Feb  1 13:19:50 cu-cs-vm kernel: [    0.423999] pci 0000:00:11.0:   bridge window [mem 0x000cc000-0x000cffff window] (subtractive decode)
Feb  1 13:19:50 cu-cs-vm kernel: [    0.424000] pci 0000:00:11.0:   bridge window [mem 0x000d0000-0x000d3fff window] (subtractive decode)
Feb  1 13:19:50 cu-cs-vm kernel: [    0.424000] pci 0000:00:11.0:   bridge window [mem 0x000d4000-0x000d7fff window] (subtractive decode)
Feb  1 13:19:50 cu-cs-vm kernel: [    0.424000] pci 0000:00:11.0:   bridge window [mem 0x000d8000-0x000dbfff window] (subtractive decode)
Feb  1 13:19:50 cu-cs-vm kernel: [    0.424000] pci 0000:00:11.0:   bridge window [mem 0xc0000000-0xfebfffff window] (subtractive decode)
Feb  1 13:19:50 cu-cs-vm kernel: [    0.424000] pci 0000:00:11.0:   bridge window [io  0x0000-0x0cf7 window] (subtractive decode)
Feb  1 13:19:50 cu-cs-vm kernel: [    0.424000] pci 0000:00:11.0:   bridge window [io  0x0d00-0xfeff window] (subtractive decode)
